<html>
<body>
<pre>
<h1>礦ision Build Log</h1>
<h2>Tool Versions:</h2>
IDE-Version: μVision V5.21.1.0
Copyright (C) 2016 ARM Ltd and ARM Germany GmbH. All rights reserved.
License Information: HD HD_DZZ10, HD, LIC=MGX74-F6E3K-ILMCB-2LCF6-N50I0-K2TNB
 
Tool Versions:
Toolchain:       MDK-ARM Professional  Version: 5.21a
Toolchain Path:  D:\Keil_v5\ARM\ARMCC\Bin
C Compiler:      Armcc.exe V5.06 update 3 (build 300)
Assembler:       Armasm.exe V5.06 update 3 (build 300)
Linker/Locator:  ArmLink.exe V5.06 update 3 (build 300)
Library Manager: ArmAr.exe V5.06 update 3 (build 300)
Hex Converter:   FromElf.exe V5.06 update 3 (build 300)
CPU DLL:         SARMCM3.DLL V5.21a
Dialog DLL:      DCM.DLL V1.13.8.0
Target DLL:      Segger\JL2CM3.dll V2.99.23.0
Dialog DLL:      TCM.DLL V1.14.14.0
 
<h2>Project:</h2>
E:\项目\软件\一维转台\HD_PLANTFORM_MIN_V0.4\HD_PLANTFORM_MAX\PROJ\MovCtrl_App.uvprojx
Project File Date:  04/04/2019

<h2>Output:</h2>
*** Using Compiler 'V5.06 update 3 (build 300)', folder: 'D:\Keil_v5\ARM\ARMCC\Bin'
Build target 'STM32F409VU'
compiling MOV_Control.c...
..\MOV\MOV_Control.c(1454): warning:  #177-D: variable "ret" was declared but never referenced
  	BOOL ret = TRUE;
..\MOV\MOV_Control.c: 1 warning, 0 errors
linking...
Program Size: Code=103808 RO-data=11908 RW-data=2128 ZI-data=128832  
FromELF: creating hex file...
".\Output\MovCtrl_App.axf" - 0 Error(s), 1 Warning(s).

<h2>Collection of Component include folders:</h2>
  E:\项目\软件\一维转台\HD_PLANTFORM_MIN_V0.4\HD_PLANTFORM_MAX\PROJ\RTE
  D:\Keil_v5\ARM\PACK\Keil\STM32F4xx_DFP\2.9.0\Drivers\CMSIS\Device\ST\STM32F4xx\Include

<h2>Collection of Component Files used:</h2>
Build Time Elapsed:  00:00:02
</pre>
</body>
</html>
