Component: ARM Compiler 5.06 update 3 (build 300) Tool: armlink [4d35c9]

==============================================================================

Section Cross References

    sys_application.o(i.StartToFindOriginalPoint) refers to mov_control.o(i.MoveSpdCtrlSetAction) for MoveSpdCtrlSetAction
    sys_application.o(i.SwitchSysStatus) refers to sys_application.o(.data) for g_SystemStatus
    sys_application.o(i.SysAppInit) refers to sys_application.o(.data) for g_SystemStatus
    sys_application.o(i.Task_SysApp) refers to tasks.o(i.vTaskDelay) for vTaskDelay
    sys_application.o(i.Task_SysApp) refers to mov_control.o(i.GetOrigTrigStatus) for GetOrigTrigStatus
    sys_application.o(i.Task_SysApp) refers to mov_control.o(i.MoveStop) for MoveStop
    sys_application.o(i.Task_SysApp) refers to mov_control.o(i.MovePosCtrlSetAction) for MovePosCtrlSetAction
    sys_application.o(i.Task_SysApp) refers to mot_pwm.o(i.MotorPwmSetOrigin) for MotorPwmSetOrigin
    sys_application.o(i.Task_SysApp) refers to sys_application.o(i.StartToFindOriginalPoint) for StartToFindOriginalPoint
    sys_application.o(i.Task_SysApp) refers to sys_application.o(.data) for g_SystemStatus
    sys_application.o(i.Task_SysApp) refers to mov_control.o(.data) for g_MoveControl
    main.o(i.AppTaskCreate) refers to tasks.o(i.xTaskCreate) for xTaskCreate
    main.o(i.AppTaskCreate) refers to main.o(.constdata) for APP_TASK_INFO_TABLE
    main.o(i.GetSystemMsTick) refers to main.o(.data) for SystemMsCnt
    main.o(i.StartUp_Task) refers to main.o(i.SysInit) for SysInit
    main.o(i.StartUp_Task) refers to dbm_data.o(i.InitGlobalData) for InitGlobalData
    main.o(i.StartUp_Task) refers to utl_eeprom.o(i.InitEEPROM) for InitEEPROM
    main.o(i.StartUp_Task) refers to utl_eeprom.o(i.EEPROMInitParam) for EEPROMInitParam
    main.o(i.StartUp_Task) refers to utl_ethernet.o(i.EthMacInit) for EthMacInit
    main.o(i.StartUp_Task) refers to com_ethernet.o(i.InitLwIP) for InitLwIP
    main.o(i.StartUp_Task) refers to com_serialapplicaiton.o(i.InitSerialComApp) for InitSerialComApp
    main.o(i.StartUp_Task) refers to com_canapplicaiton.o(i.InitCanComApp) for InitCanComApp
    main.o(i.StartUp_Task) refers to utl_led.o(i.LedInit) for LedInit
    main.o(i.StartUp_Task) refers to ecd_app.o(i.InitEncoderApp) for InitEncoderApp
    main.o(i.StartUp_Task) refers to mov_control.o(i.MoveInit) for MoveInit
    main.o(i.StartUp_Task) refers to sys_application.o(i.SysAppInit) for SysAppInit
    main.o(i.StartUp_Task) refers to com_modbustcp.o(i.InitModbusTcpServer) for InitModbusTcpServer
    main.o(i.StartUp_Task) refers to tasks.o(i.vTaskDelay) for vTaskDelay
    main.o(i.StartUp_Task) refers to main.o(i.AppTaskCreate) for AppTaskCreate
    main.o(i.StartUp_Task) refers to tasks.o(i.vTaskDelete) for vTaskDelete
    main.o(i.StartUp_Task) refers to main.o(.data) for StartTask_Handler
    main.o(i.SysInit) refers to stm32f4xx_rcc.o(i.RCC_DeInit) for RCC_DeInit
    main.o(i.SysInit) refers to stm32f4xx_rcc.o(i.RCC_HSEConfig) for RCC_HSEConfig
    main.o(i.SysInit) refers to stm32f4xx_rcc.o(i.RCC_WaitForHSEStartUp) for RCC_WaitForHSEStartUp
    main.o(i.SysInit) refers to stm32f4xx_rcc.o(i.RCC_PLLConfig) for RCC_PLLConfig
    main.o(i.SysInit) refers to stm32f4xx_rcc.o(i.RCC_PLLCmd) for RCC_PLLCmd
    main.o(i.SysInit) refers to stm32f4xx_rcc.o(i.RCC_GetFlagStatus) for RCC_GetFlagStatus
    main.o(i.SysInit) refers to stm32f4xx_rcc.o(i.RCC_SYSCLKConfig) for RCC_SYSCLKConfig
    main.o(i.SysInit) refers to stm32f4xx_rcc.o(i.RCC_GetSYSCLKSource) for RCC_GetSYSCLKSource
    main.o(i.SysInit) refers to stm32f4xx_rcc.o(i.RCC_HCLKConfig) for RCC_HCLKConfig
    main.o(i.SysInit) refers to stm32f4xx_rcc.o(i.RCC_PCLK1Config) for RCC_PCLK1Config
    main.o(i.SysInit) refers to stm32f4xx_rcc.o(i.RCC_PCLK2Config) for RCC_PCLK2Config
    main.o(i.SysInit) refers to stm32f4xx_rcc.o(i.RCC_AHB1PeriphClockCmd) for RCC_AHB1PeriphClockCmd
    main.o(i.SysInit) refers to stm32f4xx_rcc.o(i.RCC_APB2PeriphClockCmd) for RCC_APB2PeriphClockCmd
    main.o(i.SysInit) refers to stm32f4xx_rcc.o(i.RCC_APB1PeriphClockCmd) for RCC_APB1PeriphClockCmd
    main.o(i.SysInit) refers to stm32f4xx_pwr.o(i.PWR_BackupAccessCmd) for PWR_BackupAccessCmd
    main.o(i.SysInit) refers to misc.o(i.NVIC_PriorityGroupConfig) for NVIC_PriorityGroupConfig
    main.o(i.SysInit) refers to misc.o(i.NVIC_SetVectorTable) for NVIC_SetVectorTable
    main.o(i.SysInit) refers to main.o(i.SystickInit) for SystickInit
    main.o(i.SystickInit) refers to misc.o(i.SysTick_CLKSourceConfig) for SysTick_CLKSourceConfig
    main.o(i.SystickInit) refers to stm32f4xx_rcc.o(i.RCC_GetClocksFreq) for RCC_GetClocksFreq
    main.o(i.main) refers to tasks.o(i.xTaskCreate) for xTaskCreate
    main.o(i.main) refers to tasks.o(i.vTaskStartScheduler) for vTaskStartScheduler
    main.o(i.main) refers to main.o(.data) for StartTask_Handler
    main.o(i.main) refers to main.o(i.StartUp_Task) for StartUp_Task
[...]
    tcp_slowtmr                              0x08016631   Thumb Code  1424  tcp.o(i.tcp_slowtmr)
    tcp_timer_needed                         0x08016c49   Thumb Code    38  timeouts.o(i.tcp_timer_needed)
    tcp_tmr                                  0x08016d25   Thumb Code    30  tcp.o(i.tcp_tmr)
    tcp_trigger_input_pcb_close              0x08016d49   Thumb Code    14  tcp_in.o(i.tcp_trigger_input_pcb_close)
    tcp_update_rcv_ann_wnd                   0x08016d5d   Thumb Code   102  tcp.o(i.tcp_update_rcv_ann_wnd)
    tcp_write                                0x08016e25   Thumb Code  2012  tcp_out.o(i.tcp_write)
    tcp_zero_window_probe                    0x08017845   Thumb Code   246  tcp_out.o(i.tcp_zero_window_probe)
    tcpip_init                               0x0801793d   Thumb Code   102  tcpip.o(i.tcpip_init)
    tcpip_inpkt                              0x08017a55   Thumb Code    94  tcpip.o(i.tcpip_inpkt)
    tcpip_input                              0x08017b0d   Thumb Code    40  tcpip.o(i.tcpip_input)
    tcpip_send_msg_wait_sem                  0x08017b3d   Thumb Code    30  tcpip.o(i.tcpip_send_msg_wait_sem)
    udp_bind                                 0x08017cc9   Thumb Code   170  udp.o(i.udp_bind)
    udp_init                                 0x08017d7d   Thumb Code     2  udp.o(i.udp_init)
    udp_input                                0x08017d81   Thumb Code   384  udp.o(i.udp_input)
    udp_netif_ip_addr_changed                0x08017fa9   Thumb Code    42  udp.o(i.udp_netif_ip_addr_changed)
    udp_new                                  0x08017fd9   Thumb Code    28  udp.o(i.udp_new)
    udp_new_ip_type                          0x08017ff5   Thumb Code    14  udp.o(i.udp_new_ip_type)
    udp_recv                                 0x0801805d   Thumb Code     6  udp.o(i.udp_recv)
    udp_remove                               0x08018065   Thumb Code    64  udp.o(i.udp_remove)
    udp_send                                 0x080180a9   Thumb Code    30  udp.o(i.udp_send)
    udp_sendto                               0x080180c7   Thumb Code    76  udp.o(i.udp_sendto)
    udp_sendto_if                            0x08018113   Thumb Code    82  udp.o(i.udp_sendto_if)
    udp_sendto_if_src                        0x08018165   Thumb Code   248  udp.o(i.udp_sendto_if_src)
    uxListRemove                             0x080182d1   Thumb Code    40  list.o(i.uxListRemove)
    uxQueueMessagesWaiting                   0x080182f9   Thumb Code    42  queue.o(i.uxQueueMessagesWaiting)
    vApplicationTickHook                     0x08018325   Thumb Code    12  main.o(i.vApplicationTickHook)
    vListInitialise                          0x08018335   Thumb Code    26  list.o(i.vListInitialise)
    vListInitialiseItem                      0x0801834f   Thumb Code     6  list.o(i.vListInitialiseItem)
    vListInsert                              0x08018355   Thumb Code    52  list.o(i.vListInsert)
    vListInsertEnd                           0x08018389   Thumb Code    24  list.o(i.vListInsertEnd)
    vPortEnterCritical                       0x080183a1   Thumb Code    76  port.o(i.vPortEnterCritical)
    vPortExitCritical                        0x080183f5   Thumb Code    56  port.o(i.vPortExitCritical)
    vPortFree                                0x08018431   Thumb Code    56  heap_2.o(i.vPortFree)
    vPortSetupTimerInterrupt                 0x08018471   Thumb Code    14  port.o(i.vPortSetupTimerInterrupt)
    vPortValidateInterruptPriority           0x08018485   Thumb Code   106  port.o(i.vPortValidateInterruptPriority)
    vQueueAddToRegistry                      0x080184fd   Thumb Code    38  queue.o(i.vQueueAddToRegistry)
    vQueueDelete                             0x08018529   Thumb Code    44  queue.o(i.vQueueDelete)
    vQueueUnregisterQueue                    0x08018555   Thumb Code    44  queue.o(i.vQueueUnregisterQueue)
    vQueueWaitForMessageRestricted           0x08018585   Thumb Code    74  queue.o(i.vQueueWaitForMessageRestricted)
    vTaskDelay                               0x080185d1   Thumb Code    82  tasks.o(i.vTaskDelay)
    vTaskDelete                              0x0801862d   Thumb Code   202  tasks.o(i.vTaskDelete)
    vTaskMissedYield                         0x08018721   Thumb Code     8  tasks.o(i.vTaskMissedYield)
    vTaskPlaceOnEventList                    0x0801872d   Thumb Code    52  tasks.o(i.vTaskPlaceOnEventList)
    vTaskPlaceOnEventListRestricted          0x08018765   Thumb Code    60  tasks.o(i.vTaskPlaceOnEventListRestricted)
    vTaskPriorityInherit                     0x080187a5   Thumb Code   164  tasks.o(i.vTaskPriorityInherit)
    vTaskSetTimeOutState                     0x08018855   Thumb Code    38  tasks.o(i.vTaskSetTimeOutState)
    vTaskStartScheduler                      0x08018885   Thumb Code   118  tasks.o(i.vTaskStartScheduler)
    vTaskSuspendAll                          0x08018919   Thumb Code    12  tasks.o(i.vTaskSuspendAll)
    vTaskSwitchContext                       0x08018929   Thumb Code   118  tasks.o(i.vTaskSwitchContext)
    xPortStartScheduler                      0x080189b5   Thumb Code   288  port.o(i.xPortStartScheduler)
    xQueueCreateCountingSemaphore            0x08018af1   Thumb Code    92  queue.o(i.xQueueCreateCountingSemaphore)
    xQueueGenericCreate                      0x08018b4d   Thumb Code    88  queue.o(i.xQueueGenericCreate)
    xQueueGenericReceive                     0x08018ba5   Thumb Code   446  queue.o(i.xQueueGenericReceive)
    xQueueGenericReset                       0x08018d69   Thumb Code   146  queue.o(i.xQueueGenericReset)
    xQueueGenericSend                        0x08018e01   Thumb Code   420  queue.o(i.xQueueGenericSend)
    xQueueGenericSendFromISR                 0x08018fa9   Thumb Code   248  queue.o(i.xQueueGenericSendFromISR)
    xQueueGiveFromISR                        0x080190a1   Thumb Code   224  queue.o(i.xQueueGiveFromISR)
    xTaskCheckForTimeOut                     0x08019181   Thumb Code   132  tasks.o(i.xTaskCheckForTimeOut)
    xTaskCreate                              0x0801920d   Thumb Code    96  tasks.o(i.xTaskCreate)
    xTaskGetSchedulerState                   0x0801926d   Thumb Code    24  tasks.o(i.xTaskGetSchedulerState)
    xTaskGetTickCount                        0x0801928d   Thumb Code     6  tasks.o(i.xTaskGetTickCount)
    xTaskIncrementTick                       0x08019299   Thumb Code   296  tasks.o(i.xTaskIncrementTick)
    xTaskPriorityDisinherit                  0x080193ed   Thumb Code   188  tasks.o(i.xTaskPriorityDisinherit)
    xTaskRemoveFromEventList                 0x080194b5   Thumb Code   128  tasks.o(i.xTaskRemoveFromEventList)
    xTaskResumeAll                           0x0801954d   Thumb Code   224  tasks.o(i.xTaskResumeAll)
    xTimerCreateTimerTask                    0x08019651   Thumb Code    66  timers.o(i.xTimerCreateTimerTask)
    xTimerGenericCommand                     0x080196a9   Thumb Code   128  timers.o(i.xTimerGenericCommand)
    APP_TASK_INFO_TABLE                      0x0801972c   Data          96  main.o(.constdata)
    SerialBandRateTable                      0x0801978c   Data          20  com_serialapplicaiton.o(.constdata)
    COM_TASK_INFO_TABLE                      0x080197a0   Data         192  com_serialapplicaiton.o(.constdata)
    CAN_COM_TASK_INFO_TABLE                  0x08019860   Data          48  com_canapplicaiton.o(.constdata)
    AVCoreRefData                            0x08019890   Data        1536  dbm_data.o(.constdata)
    SPCoreRefData                            0x08019e90   Data        6936  dbm_data.o(.constdata)
    PWM_HW_INFO_TABLE                        0x0801b9a8   Data         156  mot_pwm.o(.constdata)
    ECD_PORT_PIN_TABLE                       0x0801ba44   Data          32  ecd_ssi.o(.constdata)
    ENCODER_APP_TASK_INFO_TABLE              0x0801ba64   Data          48  ecd_app.o(.constdata)
    MOVE_CTRL_TASK_INFO_TABLE                0x0801ba94   Data          72  mov_control.o(.constdata)
    DI_PORT_PIN_TABLE                        0x0801badc   Data          56  dio_control.o(.constdata)
    DO_PORT_PIN_TABLE                        0x0801bb14   Data          16  dio_control.o(.constdata)
    LED_PORT_PIN_TABLE                       0x0801bb24   Data          32  utl_led.o(.constdata)
    UART_BANDRATE_TABLE                      0x0801bd44   Data          20  utl_usart.o(.constdata)
    USART_HW_INFO_TABLE                      0x0801bd58   Data         256  utl_usart.o(.constdata)
    I2C_PORT_PIN_TABLE                       0x0801be58   Data          16  utl_i2c.o(.constdata)
    CAN_HW_INFO_TABLE                        0x0801be68   Data          56  utl_can.o(.constdata)
    ETH_PORT_PIN_TABLE                       0x0801bea0   Data          88  utl_ethernet.o(.constdata)
    memp_UDP_PCB                             0x0801bf3c   Data          16  memp.o(.constdata)
    memp_TCP_PCB                             0x0801bf4c   Data          16  memp.o(.constdata)
    memp_TCP_PCB_LISTEN                      0x0801bf5c   Data          16  memp.o(.constdata)
    memp_TCP_SEG                             0x0801bf6c   Data          16  memp.o(.constdata)
    memp_NETBUF                              0x0801bf7c   Data          16  memp.o(.constdata)
    memp_NETCONN                             0x0801bf8c   Data          16  memp.o(.constdata)
    memp_TCPIP_MSG_API                       0x0801bf9c   Data          16  memp.o(.constdata)
    memp_TCPIP_MSG_INPKT                     0x0801bfac   Data          16  memp.o(.constdata)
    memp_SYS_TIMEOUT                         0x0801bfbc   Data          16  memp.o(.constdata)
    memp_PBUF                                0x0801bfcc   Data          16  memp.o(.constdata)
    memp_PBUF_POOL                           0x0801bfdc   Data          16  memp.o(.constdata)
    memp_pools                               0x0801bfec   Data          44  memp.o(.constdata)
    tcp_pcb_lists                            0x0801c058   Data          16  tcp.o(.constdata)
    lwip_cyclic_timers                       0x0801c068   Data          32  timeouts.o(.constdata)
    ip_addr_any                              0x0801c088   Data           4  ip4_addr.o(.constdata)
    ip_addr_broadcast                        0x0801c08c   Data           4  ip4_addr.o(.constdata)
    ethbroadcast                             0x0801c090   Data           6  ethernet.o(.constdata)
    ethzero                                  0x0801c096   Data           6  ethernet.o(.constdata)
    Region$$Table$$Base                      0x0801c3e4   Number         0  anon$$obj.o(Region$$Table)
    Region$$Table$$Limit                     0x0801c404   Number         0  anon$$obj.o(Region$$Table)
    g_SystemStatus                           0x20000000   Data           1  sys_application.o(.data)
    __stdout                                 0x20000004   Data           4  main.o(.data)
    __stdin                                  0x20000008   Data           4  main.o(.data)
    StartTask_Handler                        0x20000010   Data           4  main.o(.data)
    LedTask_Handler                          0x20000014   Data           4  main.o(.data)
    DIOTask_Handler                          0x20000018   Data           4  main.o(.data)
    EPMTask_Handler                          0x2000001c   Data           4  main.o(.data)
    SysAppTask_Handler                       0x20000020   Data           4  main.o(.data)
    CanComAppTask_Handler                    0x20000024   Data           8  com_canapplicaiton.o(.data)
    EMLO_CMD_TABLE                           0x2000002c   Data          51  com_canelmodrv.o(.data)
    EmloDrvCtrlTable                         0x20000060   Data         168  com_canelmodrv.o(.data)
    MotorControlStruct                       0x20000110   Data         120  mot_pwm.o(.data)
    ECDControlStructs                        0x20000188   Data          80  ecd_ssi.o(.data)
    ECDAppStructs                            0x200001d8   Data         112  ecd_app.o(.data)
    EncodeAppTask_Handler                    0x20000248   Data           8  ecd_app.o(.data)
    g_MoveControl                            0x20000250   Data         732  mov_control.o(.data)
    g_PidHandlers                            0x20000530   Data         192  mov_control.o(.data)
    FindZeroPosTask_Handler                  0x200005f0   Data           4  mov_control.o(.data)
    g_TestLedStatus                          0x200006b4   Data           1  utl_led.o(.data)
    LedControlStructs                        0x200006b5   Data          16  utl_led.o(.data)
    pEthRxSem                                0x200006c8   Data           4  utl_ethernet.o(.data)
    pxCurrentTCB                             0x200006cc   Data           4  tasks.o(.data)
    DMATxDescToSet                           0x20000750   Data           4  stm32f4x7_eth.o(.data)
    DMARxDescToGet                           0x20000754   Data           4  stm32f4x7_eth.o(.data)
    DMA_RX_FRAME_infos                       0x20000758   Data           4  stm32f4x7_eth.o(.data)
    Frame_Rx_index                           0x2000075c   Data           4  stm32f4x7_eth.o(.data)
    netconn_aborted                          0x20000760   Data           1  api_msg.o(.data)
    lock_tcpip_core                          0x20000778   Data           4  tcpip.o(.data)
    netif_list                               0x200007b8   Data           4  netif.o(.data)
    netif_default                            0x200007bc   Data           4  netif.o(.data)
    tcp_ticks                                0x200007c8   Data           4  tcp.o(.data)
    tcp_bound_pcbs                           0x200007cc   Data           4  tcp.o(.data)
    tcp_listen_pcbs                          0x200007d0   Data           4  tcp.o(.data)
    tcp_active_pcbs                          0x200007d4   Data           4  tcp.o(.data)
    tcp_tw_pcbs                              0x200007d8   Data           4  tcp.o(.data)
    tcp_active_pcbs_changed                  0x200007dc   Data           1  tcp.o(.data)
    tcp_input_pcb                            0x20000808   Data           4  tcp_in.o(.data)
    udp_pcbs                                 0x2000081c   Data           4  udp.o(.data)
    dhcp_rx_options_given                    0x20000820   Data           8  dhcp.o(.data)
    s_xSemaphore                             0x20000840   Data           4  ethernetif_1.o(.data)
    errno                                    0x20000848   Data           4  sys_arch.o(.data)
    SerComAppTask_Handler                    0x200008f0   Data          32  com_serialapplicaiton.o(.bss)
    CdpControlBuf                            0x20000910   Data          50  com_modbusrtu.o(.bss)
    AbaAnsBuf                                0x20000942   Data          20  com_modbusrtu.o(.bss)
    s_SerialQueue                            0x20000956   Data        2064  com_modbusrtu.o(.bss)
    xnetif                                   0x20001178   Data          56  com_ethernet.o(.bss)
    TCP_SEND_DATA                            0x200011b0   Data          16  com_modbustcp.o(.bss)
    g_HMIActFrame                            0x200011c0   Data         136  com_hmi.o(.bss)
    g_HDYReqFrame                            0x20001248   Data         112  com_hdprotocol2.o(.bss)
    g_HDYAnsFrame                            0x200012b8   Data         112  com_hdprotocol2.o(.bss)
    g_HDYActFrame                            0x20001328   Data         192  com_hdprotocol2.o(.bss)
    AVD                                      0x200013e8   Data         132  dbm_data.o(.bss)
    SPD                                      0x2000146c   Data         592  dbm_data.o(.bss)
    MoveCtrlTask_Handler                     0x200016bc   Data          12  mov_control.o(.bss)
    USART_InitStructure                      0x200016c8   Data          16  utl_usart.o(.bss)
    UARTHandler                              0x200016d8   Data        8512  utl_usart.o(.bss)
    EEPROMParam                              0x20003818   Data         596  utl_eeprom.o(.bss)
    CanHandler                               0x20003a6c   Data        2624  utl_can.o(.bss)
    Can_InitStructure                        0x200044ac   Data          12  utl_can.o(.bss)
    Can_FilterInitStructure                  0x200044b8   Data          14  utl_can.o(.bss)
    xQueueRegistry                           0x200044c8   Data          64  queue.o(.bss)
    DMARxDscrTab                             0x20017414   Data         160  stm32f4x7_eth.o(.bss)
    DMATxDscrTab                             0x200174b4   Data         160  stm32f4x7_eth.o(.bss)
    RX_Frame_Descriptor                      0x20017554   Data          12  stm32f4x7_eth.o(.bss)
    ip_data                                  0x200175b0   Data          24  ip.o(.bss)
    ram_heap                                 0x200175c8   Data        5139  mem.o(.bss)
    memp_memory_UDP_PCB_base                 0x200189db   Data         195  memp.o(.bss)
    memp_memory_TCP_PCB_base                 0x20018a9e   Data        1483  memp.o(.bss)
    memp_memory_TCP_PCB_LISTEN_base          0x20019069   Data         143  memp.o(.bss)
    memp_memory_TCP_SEG_base                 0x200190f8   Data         403  memp.o(.bss)
    memp_memory_NETBUF_base                  0x2001928b   Data          35  memp.o(.bss)
    memp_memory_NETCONN_base                 0x200192ae   Data         179  memp.o(.bss)
    memp_memory_TCPIP_MSG_API_base           0x20019361   Data         131  memp.o(.bss)
    memp_memory_TCPIP_MSG_INPKT_base         0x200193e4   Data         131  memp.o(.bss)
    memp_memory_SYS_TIMEOUT_base             0x20019467   Data         131  memp.o(.bss)
    memp_memory_PBUF_base                    0x200194ea   Data         163  memp.o(.bss)
    memp_memory_PBUF_POOL_base               0x2001958d   Data       10563  memp.o(.bss)
    Rx_Buff                                  0x2001bfd4   Data        7620  ethernetif_1.o(.bss)
    Tx_Buff                                  0x2001dd98   Data        7620  ethernetif_1.o(.bss)
    __initial_sp                             0x2001ff90   Data           0  startup_stm32f429_439xx.o(STACK)



==============================================================================

Memory Map of the image

  Image Entry point : 0x080001ad

  Load Region LR_IROM1 (Base: 0x08000000, Size: 0x0001cc54, Max: 0x00200000, ABSOLUTE, COMPRESSED[0x0001c6e4])

    Execution Region ER_IROM1 (Base: 0x08000000, Size: 0x0001c404, Max: 0x00200000, ABSOLUTE)

    Base Addr    Size         Type   Attr      Idx    E Section Name        Object

    0x08000000   0x000001ac   Data   RO         2538    RESET               startup_stm32f429_439xx.o
    0x080001ac   0x00000000   Code   RO         9274  * .ARM.Collect$$$$00000000  mc_w.l(entry.o)
    0x080001ac   0x00000004   Code   RO         9558    .ARM.Collect$$$$00000001  mc_w.l(entry2.o)
    0x080001b0   0x00000004   Code   RO         9561    .ARM.Collect$$$$00000004  mc_w.l(entry5.o)
    0x080001b4   0x00000000   Code   RO         9563    .ARM.Collect$$$$00000008  mc_w.l(entry7b.o)
    0x080001b4   0x00000000   Code   RO         9565    .ARM.Collect$$$$0000000A  mc_w.l(entry8b.o)
    0x080001b4   0x00000008   Code   RO         9566    .ARM.Collect$$$$0000000B  mc_w.l(entry9a.o)
    0x080001bc   0x00000000   Code   RO         9568    .ARM.Collect$$$$0000000D  mc_w.l(entry10a.o)
    0x080001bc   0x00000000   Code   RO         9570    .ARM.Collect$$$$0000000F  mc_w.l(entry11a.o)
    0x080001bc   0x00000004   Code   RO         9559    .ARM.Collect$$$$00002712  mc_w.l(entry2.o)
    0x080001c0   0x000000b6   Code   RO         3203    .emb_text           port.o
    0x08000276   0x00000002   PAD
    0x08000278   0x00000024   Code   RO         2539    .text               startup_stm32f429_439xx.o
    0x0800029c   0x00000062   Code   RO         9277    .text               mc_w.l(ldiv.o)
    0x080002fe   0x00000024   Code   RO         9279    .text               mc_w.l(llsshr.o)
    0x08000322   0x00000024   Code   RO         9281    .text               mc_w.l(memcpya.o)
    0x08000346   0x00000024   Code   RO         9283    .text               mc_w.l(memseta.o)
    0x0800036a   0x0000001a   Code   RO         9287    .text               mc_w.l(memcmp.o)
    0x08000384   0x0000002c   Code   RO         9572    .text               mc_w.l(uidiv.o)
    0x080003b0   0x00000062   Code   RO         9574    .text               mc_w.l(uldiv.o)
    0x08000412   0x00000002   PAD
    0x08000414   0x00000024   Code   RO         9600    .text               mc_w.l(init.o)
    0x08000438   0x0000001e   Code   RO         9602    .text               mc_w.l(llshl.o)
    0x08000456   0x00000020   Code   RO         9604    .text               mc_w.l(llushr.o)
    0x08000476   0x00000056   Code   RO         9661    .text               mc_w.l(__dczerorl2.o)
    0x080004cc   0x0000005c   Code   RO          250    i.AppTaskCreate     main.o
    0x08000528   0x00000004   Code   RO         4898    i.BusFault_Handler  stm32f4xx_it.o
    0x0800052c   0x000000fc   Code   RO         2327    i.CAN1_RX0_IRQHandler  utl_can.o
    0x08000628   0x000000fc   Code   RO         2328    i.CAN1_RX1_IRQHandler  utl_can.o
    0x08000724   0x00000078   Code   RO         2329    i.CAN1_SCE_IRQHandler  utl_can.o
    0x0800079c   0x000000fc   Code   RO         2330    i.CAN1_TX_IRQHandler  utl_can.o
    0x08000898   0x000000fc   Code   RO         2331    i.CAN2_RX0_IRQHandler  utl_can.o
    0x08000994   0x000000fc   Code   RO         2332    i.CAN2_RX1_IRQHandler  utl_can.o
    0x08000a90   0x00000078   Code   RO         2333    i.CAN2_SCE_IRQHandler  utl_can.o
    0x08000b08   0x000000fc   Code   RO         2334    i.CAN2_TX_IRQHandler  utl_can.o
    0x08000c04   0x000000a8   Code   RO         5581    i.CAN_ClearITPendingBit  stm32f4xx_can.o
    0x08000cac   0x00000038   Code   RO         5583    i.CAN_DeInit        stm32f4xx_can.o
    0x08000ce4   0x00000108   Code   RO         5585    i.CAN_FilterInit    stm32f4xx_can.o
    0x08000dec   0x00000078   Code   RO         5586    i.CAN_GetFlagStatus  stm32f4xx_can.o
    0x08000e64   0x00000120   Code   RO         5587    i.CAN_GetITStatus   stm32f4xx_can.o
    0x08000f84   0x00000012   Code   RO         5591    i.CAN_ITConfig      stm32f4xx_can.o
    0x08000f96   0x00000114   Code   RO         5592    i.CAN_Init          stm32f4xx_can.o
    0x080010aa   0x000000f0   Code   RO         5595    i.CAN_Receive       stm32f4xx_can.o
    0x0800119a   0x00000002   PAD
    0x0800119c   0x00000034   Code   RO         5596    i.CAN_SlaveStartBank  stm32f4xx_can.o
    0x080011d0   0x00000126   Code   RO         5600    i.CAN_Transmit      stm32f4xx_can.o
    0x080012f6   0x00000032   Code   RO          625    i.CanElmoActiveCan  com_canelmodrv.o
    0x08001328   0x00000030   Code   RO          626    i.CanElmoDriverDis  com_canelmodrv.o
    0x08001358   0x00000030   Code   RO          627    i.CanElmoDriverEn   com_canelmodrv.o
    0x08001388   0x00000090   Code   RO          628    i.CanElmoDrvInit    com_canelmodrv.o
    0x08001418   0x00000120   Code   RO          629    i.CanElmoDrvLoop    com_canelmodrv.o
    0x08001538   0x00000094   Code   RO          630    i.CanElmoGetPostion  com_canelmodrv.o
    0x080015cc   0x000000a8   Code   RO          632    i.CanElmoSendCmdWithData  com_canelmodrv.o
    0x08001674   0x00000084   Code   RO          633    i.CanElmoSendOnlyCmd  com_canelmodrv.o
    0x080016f8   0x0000002c   Code   RO          634    i.CanElmoSendReadPosCmd  com_canelmodrv.o
    0x08001724   0x0000003c   Code   RO          637    i.CanElmoSetOrigin  com_canelmodrv.o
    0x08001760   0x000000ac   Code   RO          638    i.CanElmoSetSpeed   com_canelmodrv.o
    0x0800180c   0x00000030   Code   RO          641    i.CanElmoSetUserMode  com_canelmodrv.o
    0x0800183c   0x00000030   Code   RO          642    i.CanElmoStart      com_canelmodrv.o
    0x0800186c   0x0000002c   Code   RO          643    i.CanElmoStop       com_canelmodrv.o
    0x08001898   0x00000054   Code   RO         2335    i.CanPushMsg        utl_can.o
    0x080018ec   0x00000070   Code   RO         2336    i.CanSendOneMsg     utl_can.o
    0x0800195c   0x00000012   Code   RO         5603    i.CheckITStatus     stm32f4xx_can.o
    0x0800196e   0x00000002   Code   RO         4899    i.DebugMon_Handler  stm32f4xx_it.o
    0x08001970   0x000000dc   Code   RO         1600    i.DrvFaultDispose   mov_control.o
    0x08001a4c   0x0000003c   Code   RO         2179    i.EEPROMInitParam   utl_eeprom.o
    0x08001a88   0x0000001c   Code   RO         2180    i.EEPROMReadAllParam  utl_eeprom.o
    0x08001aa4   0x00000092   Code   RO         2181    i.EEPROMReadBuffer  utl_eeprom.o
    0x08001b36   0x00000002   PAD
    0x08001b38   0x0000001c   Code   RO         2183    i.EEPROMSaveAllParam  utl_eeprom.o
    0x08001b54   0x00000048   Code   RO         2184    i.EEPROMSaveParam   utl_eeprom.o
    0x08001b9c   0x00000192   Code   RO         2185    i.EEPROMWriteBuffer  utl_eeprom.o
    0x08001d2e   0x00000002   PAD
    0x08001d30   0x0000000c   Code   RO         5752    i.ETH_DMAClearITPendingBit  stm32f4x7_eth.o
    0x08001d3c   0x00000020   Code   RO         5753    i.ETH_DMAITConfig   stm32f4x7_eth.o
    0x08001d5c   0x00000024   Code   RO         5754    i.ETH_DMAReceptionCmd  stm32f4x7_eth.o
    0x08001d80   0x00000064   Code   RO         5755    i.ETH_DMARxDescChainInit  stm32f4x7_eth.o
    0x08001de4   0x00000016   Code   RO         5756    i.ETH_DMARxDescReceiveITConfig  stm32f4x7_eth.o
    0x08001dfa   0x00000002   PAD
    0x08001dfc   0x00000024   Code   RO         5757    i.ETH_DMATransmissionCmd  stm32f4x7_eth.o
    0x08001e20   0x00000050   Code   RO         5760    i.ETH_DMATxDescChainInit  stm32f4x7_eth.o
    0x08001e70   0x00000008   Code   RO         5761    i.ETH_DMATxDescChecksumInsertionConfig  stm32f4x7_eth.o
    0x08001e78   0x00000016   Code   RO         5766    i.ETH_DeInit        stm32f4x7_eth.o
    0x08001e8e   0x0000001c   Code   RO         5767    i.ETH_Delay         stm32f4x7_eth.o
    0x08001eaa   0x00000002   PAD
    0x08001eac   0x0000002c   Code   RO         5769    i.ETH_FlushTransmitFIFO  stm32f4x7_eth.o
    0x08001ed8   0x0000000c   Code   RO         9035    i.ETH_GetCurrentTxBuffer  ethernetif_1.o
    0x08001ee4   0x00000018   Code   RO         5775    i.ETH_GetDMAFlagStatus  stm32f4x7_eth.o
    0x08001efc   0x00000018   Code   RO         5795    i.ETH_GetSoftwareResetStatus  stm32f4x7_eth.o
    0x08001f14   0x00000054   Code   RO         2472    i.ETH_IRQHandler    utl_ethernet.o
    0x08001f68   0x00000328   Code   RO         5800    i.ETH_Init          stm32f4x7_eth.o
    0x08002290   0x00000034   Code   RO         5802    i.ETH_MACAddressConfig  stm32f4x7_eth.o
    0x080022c4   0x00000040   Code   RO         5807    i.ETH_MACReceptionCmd  stm32f4x7_eth.o
    0x08002304   0x00000040   Code   RO         5808    i.ETH_MACTransmissionCmd  stm32f4x7_eth.o
    0x08002344   0x0000006c   Code   RO         5820    i.ETH_ReadPHYRegister  stm32f4x7_eth.o
    0x080023b0   0x0000009c   Code   RO         9036    i.ETH_RxPkt_ChainMode  ethernetif_1.o
    0x0800244c   0x00000014   Code   RO         5828    i.ETH_SoftwareReset  stm32f4x7_eth.o
    0x08002460   0x00000020   Code   RO         5829    i.ETH_Start         stm32f4x7_eth.o
    0x08002480   0x000000b2   Code   RO         5831    i.ETH_StructInit    stm32f4x7_eth.o
    0x08002532   0x00000002   PAD
    0x08002534   0x00000068   Code   RO         9037    i.ETH_TxPkt_ChainMode  ethernetif_1.o
    0x0800259c   0x00000068   Code   RO         5833    i.ETH_WritePHYRegister  stm32f4x7_eth.o
    0x08002604   0x000000bc   Code   RO         2475    i.EthGpioConfig     utl_ethernet.o
    0x080026c0   0x00000088   Code   RO         2476    i.EthMacDmaConfig   utl_ethernet.o
    0x08002748   0x00000010   Code   RO         2477    i.EthMacInit        utl_ethernet.o
    0x08002758   0x00000022   Code   RO         2478    i.EthNvicConfig     utl_ethernet.o
    0x0800277a   0x00000090   Code   RO         3602    i.GPIO_Init         stm32f4xx_gpio.o
    0x0800280a   0x00000046   Code   RO         3603    i.GPIO_PinAFConfig  stm32f4xx_gpio.o
    0x08002850   0x00000012   Code   RO         3606    i.GPIO_ReadInputDataBit  stm32f4xx_gpio.o
    0x08002862   0x00000012   Code   RO         3608    i.GPIO_ReadOutputDataBit  stm32f4xx_gpio.o
    0x08002874   0x00000004   Code   RO         3609    i.GPIO_ResetBits    stm32f4xx_gpio.o
    0x08002878   0x00000004   Code   RO         3610    i.GPIO_SetBits      stm32f4xx_gpio.o
    0x0800287c   0x0000003c   Code   RO         2020    i.GenMBCRC16        utl_crc.o
    0x080028b8   0x00000014   Code   RO         1238    i.GetAVDataPoint    dbm_data.o
    0x080028cc   0x00000018   Code   RO         1239    i.GetAVDefaultValue  dbm_data.o
    0x080028e4   0x00000018   Code   RO         2337    i.GetCanPortBuffer  utl_can.o
    0x080028fc   0x0000001c   Code   RO         1801    i.GetDIStatus       dio_control.o
    0x08002918   0x0000003c   Code   RO         1601    i.GetNegTrigStatus  mov_control.o
    0x08002954   0x00000020   Code   RO         1243    i.GetNonvolatileAttrib  dbm_data.o
    0x08002974   0x0000003c   Code   RO         1602    i.GetOrigTrigStatus  mov_control.o
    0x080029b0   0x0000003c   Code   RO         1603    i.GetPosTrigStatus  mov_control.o
    0x080029ec   0x0000001c   Code   RO         1244    i.GetSPAdd          dbm_data.o
    0x08002a08   0x00000014   Code   RO         1245    i.GetSPDataPoint    dbm_data.o
    0x08002a1c   0x00000018   Code   RO         1246    i.GetSPDefaultValue  dbm_data.o
    0x08002a34   0x00000038   Code   RO         1249    i.GetSPSize         dbm_data.o
    0x08002a6c   0x0000000c   Code   RO          251    i.GetSystemMsTick   main.o
    0x08002a78   0x00000032   Code   RO         1987    i.GetTimerState     utl_1mstimer.o
    0x08002aaa   0x00000002   PAD
    0x08002aac   0x00000018   Code   RO         2049    i.GetUSARTPortHandler  utl_usart.o
    0x08002ac4   0x00000010   Code   RO         1467    i.GraytoDecimal     ecd_ssi.o
    0x08002ad4   0x00000104   Code   RO         1195    i.HDProtocolYLoop   com_hdprotocol2.o
    0x08002bd8   0x000003b0   Code   RO          958    i.HMIActSend        com_hmi.o
    0x08002f88   0x000003b0   Code   RO          959    i.HMIActSend2       com_hmi.o
    0x08003338   0x0000064c   Code   RO          960    i.HMIActSend3       com_hmi.o
    0x08003984   0x00000050   Code   RO          961    i.HMIProtocol1Loop  com_hmi.o
    0x080039d4   0x00000004   Code   RO         4900    i.HardFault_Handler  stm32f4xx_it.o
    0x080039d8   0x00000090   Code   RO         2261    i.I2CInit           utl_i2c.o
    0x08003a68   0x000000b0   Code   RO         2262    i.I2CReadByte       utl_i2c.o
    0x08003b18   0x00000090   Code   RO         2263    i.I2CSendAck        utl_i2c.o
    0x08003ba8   0x0000014c   Code   RO         2264    i.I2CSendByte       utl_i2c.o
    0x08003cf4   0x00000090   Code   RO         2265    i.I2CSendNoAck      utl_i2c.o
    0x08003d84   0x00000084   Code   RO         2266    i.I2CStart          utl_i2c.o
    0x08003e08   0x00000070   Code   RO         2267    i.I2CStop           utl_i2c.o
    0x08003e78   0x000000d0   Code   RO          572    i.InitCanComApp     com_canapplicaiton.o
    0x08003f48   0x000000fc   Code   RO         2340    i.InitCanPort       utl_can.o
    0x08004044   0x00000018   Code   RO         2186    i.InitEEPROM        utl_eeprom.o
    0x0800405c   0x00000114   Code   RO         1526    i.InitEncoderApp    ecd_app.o
    0x08004170   0x00000078   Code   RO         1251    i.InitGlobalData    dbm_data.o
    0x080041e8   0x00000058   Code   RO          773    i.InitLwIP          com_ethernet.o
    0x08004240   0x00000030   Code   RO          883    i.InitModbusTcpServer  com_modbustcp.o
    0x08004270   0x00000364   Code   RO          407    i.InitSerialComApp  com_serialapplicaiton.o
    0x080045d4   0x00000164   Code   RO         2052    i.InitUSARTPort     utl_usart.o
    0x08004738   0x00000018   Code   RO         1929    i.InitmsTimer       utl_1mstimer.o
    0x08004750   0x00000044   Code   RO         2341    i.IsCanTxIdle       utl_can.o
    0x08004794   0x00000020   Code   RO         2053    i.IsComCtrlTimerElapsed  utl_usart.o
    0x080047b4   0x00000048   Code   RO         1860    i.LedInit           utl_led.o
    0x080047fc   0x0000001c   Code   RO         1861    i.LedOFF            utl_led.o
    0x08004818   0x0000001c   Code   RO         1862    i.LedON             utl_led.o
    0x08004834   0x00000044   Code   RO         1865    i.LedToggle         utl_led.o
    0x08004878   0x00000004   Code   RO         4901    i.MemManage_Handler  stm32f4xx_it.o
    0x0800487c   0x00000164   Code   RO          535    i.ModbusRtuLoop     com_modbusrtu.o
    0x080049e0   0x00000040   Code   RO          884    i.ModbusTcpServerProcess  com_modbustcp.o
    0x08004a20   0x0000006e   Code   RO          885    i.ModbusTcpServer_Task  com_modbustcp.o
    0x08004a8e   0x00000002   PAD
    0x08004a90   0x00000030   Code   RO         1358    i.MotorPwmClearFault  mot_pwm.o
    0x08004ac0   0x00000020   Code   RO         1359    i.MotorPwmDisable   mot_pwm.o
    0x08004ae0   0x00000020   Code   RO         1360    i.MotorPwmEnable    mot_pwm.o
    0x08004b00   0x00000094   Code   RO         1361    i.MotorPwmGetPostion  mot_pwm.o
    0x08004b94   0x000001e4   Code   RO         1362    i.MotorPwmInit      mot_pwm.o
    0x08004d78   0x00000080   Code   RO         1363    i.MotorPwmSetDir    mot_pwm.o
    0x08004df8   0x00000034   Code   RO         1364    i.MotorPwmSetOrigin  mot_pwm.o
    0x08004e2c   0x000000c4   Code   RO         1365    i.MotorPwmSetSpeed  mot_pwm.o
    0x08004ef0   0x00000028   Code   RO         1366    i.MotorPwmStart     mot_pwm.o
    0x08004f18   0x00000020   Code   RO         1367    i.MotorPwmStop      mot_pwm.o
    0x08004f38   0x0000013c   Code   RO         1605    i.MoveCtrl          mov_control.o
    0x08005074   0x000003dc   Code   RO         1606    i.MoveFindOrigPoint  mov_control.o
    0x08005450   0x0000003c   Code   RO         1607    i.MoveFindOrigStart  mov_control.o
    0x0800548c   0x000002b0   Code   RO         1608    i.MoveFixPointModeCtrl  mov_control.o
    0x0800573c   0x00000080   Code   RO         1609    i.MoveGetDistance   mov_control.o
    0x080057bc   0x00000230   Code   RO         1610    i.MoveInit          mov_control.o
    0x080059ec   0x00000090   Code   RO         1611    i.MovePosCtrlSetAction  mov_control.o
    0x08005a7c   0x00000060   Code   RO         1612    i.MovePosCtrlSetPoint  mov_control.o
    0x08005adc   0x0000002c   Code   RO         1613    i.MoveSetCtrlMode   mov_control.o
    0x08005b08   0x00000080   Code   RO         1614    i.MoveSpdCtrlSetAction  mov_control.o
    0x08005b88   0x000001dc   Code   RO         1615    i.MoveSpeedModeCtrl  mov_control.o
    0x08005d64   0x0000003c   Code   RO         1616    i.MoveStop          mov_control.o
    0x08005da0   0x000002a4   Code   RO         1617    i.MoveTrackModeCtrl  mov_control.o
    0x08006044   0x00000060   Code   RO         1618    i.MoveUpdateSpeed   mov_control.o
    0x080060a4   0x00000002   Code   RO         4902    i.NMI_Handler       stm32f4xx_it.o
    0x080060a6   0x00000002   PAD
    0x080060a8   0x00000078   Code   RO         5141    i.NVIC_Init         misc.o
    0x08006120   0x00000014   Code   RO         5142    i.NVIC_PriorityGroupConfig  misc.o
    0x08006134   0x00000014   Code   RO         5143    i.NVIC_SetVectorTable  misc.o
    0x08006148   0x00000098   Code   RO         1619    i.NegLimitTrigDispose  mov_control.o
    0x080061e0   0x00000094   Code   RO          962    i.NotifyButton      com_hmi.o
    0x08006274   0x00000002   Code   RO          963    i.NotifyMenu        com_hmi.o
    0x08006276   0x00000002   Code   RO          964    i.NotifyScreen      com_hmi.o
    0x08006278   0x00000002   Code   RO          965    i.NotifySelector    com_hmi.o
    0x0800627a   0x00000002   PAD
    0x0800627c   0x000000a0   Code   RO          966    i.NotifyText        com_hmi.o
    0x0800631c   0x00000002   Code   RO          967    i.NotifyTimer       com_hmi.o
    0x0800631e   0x00000002   PAD
    0x08006320   0x0000000c   Code   RO         5453    i.PWR_BackupAccessCmd  stm32f4xx_pwr.o
    0x0800632c   0x000000dc   Code   RO         1570    i.PidProcess        mth_pid.o
    0x08006408   0x00000098   Code   RO         1621    i.PosLimitTrigDispose  mov_control.o
    0x080064a0   0x00000114   Code   RO         1197    i.ProcessHDProtocolYFrame  com_hdprotocol2.o
    0x080065b4   0x0000038c   Code   RO          968    i.ProcessMessage    com_hmi.o
    0x08006940   0x000008e4   Code   RO          536    i.ProcessModbusRtuFrame  com_modbusrtu.o
    0x08007224   0x00000340   Code   RO          886    i.ProcessModbusTcpFrame  com_modbustcp.o
    0x08007564   0x00000020   Code   RO         3790    i.RCC_AHB1PeriphClockCmd  stm32f4xx_rcc.o
    0x08007584   0x00000020   Code   RO         3792    i.RCC_AHB1PeriphResetCmd  stm32f4xx_rcc.o
    0x080075a4   0x00000020   Code   RO         3799    i.RCC_APB1PeriphClockCmd  stm32f4xx_rcc.o
    0x080075c4   0x00000020   Code   RO         3801    i.RCC_APB1PeriphResetCmd  stm32f4xx_rcc.o
    0x080075e4   0x00000020   Code   RO         3802    i.RCC_APB2PeriphClockCmd  stm32f4xx_rcc.o
    0x08007604   0x00000064   Code   RO         3810    i.RCC_DeInit        stm32f4xx_rcc.o
    0x08007668   0x000000e8   Code   RO         3811    i.RCC_GetClocksFreq  stm32f4xx_rcc.o
    0x08007750   0x00000040   Code   RO         3812    i.RCC_GetFlagStatus  stm32f4xx_rcc.o
    0x08007790   0x00000010   Code   RO         3814    i.RCC_GetSYSCLKSource  stm32f4xx_rcc.o
    0x080077a0   0x00000018   Code   RO         3815    i.RCC_HCLKConfig    stm32f4xx_rcc.o
    0x080077b8   0x00000010   Code   RO         3816    i.RCC_HSEConfig     stm32f4xx_rcc.o
    0x080077c8   0x00000018   Code   RO         3826    i.RCC_PCLK1Config   stm32f4xx_rcc.o
    0x080077e0   0x00000018   Code   RO         3827    i.RCC_PCLK2Config   stm32f4xx_rcc.o
    0x080077f8   0x0000000c   Code   RO         3828    i.RCC_PLLCmd        stm32f4xx_rcc.o
    0x08007804   0x00000024   Code   RO         3829    i.RCC_PLLConfig     stm32f4xx_rcc.o
    0x08007828   0x00000018   Code   RO         3840    i.RCC_SYSCLKConfig  stm32f4xx_rcc.o
    0x08007840   0x00000038   Code   RO         3842    i.RCC_WaitForHSEStartUp  stm32f4xx_rcc.o
    0x08007878   0x0000002c   Code   RO         1252    i.RecoverVolatileData  dbm_data.o
    0x080078a4   0x00000068   Code   RO         1469    i.SSIEncoderInit    ecd_ssi.o
    0x0800790c   0x000001f8   Code   RO         1470    i.SSIEncoderReadData  ecd_ssi.o
    0x08007b04   0x0000000c   Code   RO         6286    i.SYSCFG_ETH_MediaInterfaceConfig  stm32f4xx_syscfg.o
    0x08007b10   0x00000030   Code   RO          969    i.SendChar          com_hmi.o
    0x08007b40   0x0000001a   Code   RO          970    i.SendNU8           com_hmi.o
    0x08007b5a   0x00000088   Code   RO          408    i.SerialComProtocolDispose  com_serialapplicaiton.o
    0x08007be2   0x00000014   Code   RO          409    i.SerialComProtocolInit  com_serialapplicaiton.o
    0x08007bf6   0x00000002   PAD
    0x08007bf8   0x000000f4   Code   RO         2342    i.SetCanPortParams  utl_can.o
    0x08007cec   0x00000088   Code   RO         1622    i.SetCurrentAsOrig  mov_control.o
    0x08007d74   0x0000001c   Code   RO         2054    i.SetSerialAsInput  utl_usart.o
    0x08007d90   0x0000001c   Code   RO         2055    i.SetSerialAsOutput  utl_usart.o
    0x08007dac   0x00000068   Code   RO          971    i.SetSliderValue    com_hmi.o
    0x08007e14   0x00000120   Code   RO         2546    i.SetSysClock       system_stm32f4xx.o
    0x08007f34   0x00000004   Code   RO         1931    i.SetTimeDelay      utl_1mstimer.o
    0x08007f38   0x000000ac   Code   RO         2056    i.SetUSARTPortParams  utl_usart.o
    0x08007fe4   0x00000020   Code   RO         2058    i.StartComCtrlTimer  utl_usart.o
    0x08008004   0x00000016   Code   RO         1932    i.StartTimer        utl_1mstimer.o
    0x0800801a   0x00000002   PAD
    0x0800801c   0x00000014   Code   RO            4    i.StartToFindOriginalPoint  sys_application.o
    0x08008030   0x00000054   Code   RO          252    i.StartUp_Task      main.o
    0x08008084   0x00000020   Code   RO         2059    i.StopComCtrlTimer  utl_usart.o
    0x080080a4   0x00000006   Code   RO         1933    i.StopTimer         utl_1mstimer.o
    0x080080aa   0x00000002   PAD
    0x080080ac   0x0000000c   Code   RO            6    i.SysAppInit        sys_application.o
    0x080080b8   0x000000bc   Code   RO          253    i.SysInit           main.o
    0x08008174   0x00000028   Code   RO         5145    i.SysTick_CLKSourceConfig  misc.o
    0x0800819c   0x00000034   Code   RO         3204    i.SysTick_Handler   port.o
    0x080081d0   0x00000068   Code   RO         2548    i.SystemInit        system_stm32f4xx.o
    0x08008238   0x00000064   Code   RO          254    i.SystickInit       main.o
    0x0800829c   0x00000050   Code   RO         1368    i.TIM2_IRQHandler   mot_pwm.o
    0x080082ec   0x00000058   Code   RO         1369    i.TIM3_IRQHandler   mot_pwm.o
    0x08008344   0x00000050   Code   RO         1370    i.TIM5_IRQHandler   mot_pwm.o
    0x08008394   0x00000018   Code   RO         4138    i.TIM_ARRPreloadConfig  stm32f4xx_tim.o
    0x080083ac   0x00000006   Code   RO         4144    i.TIM_ClearFlag     stm32f4xx_tim.o
    0x080083b2   0x00000018   Code   RO         4150    i.TIM_Cmd           stm32f4xx_tim.o
    0x080083ca   0x00000012   Code   RO         4151    i.TIM_CounterModeConfig  stm32f4xx_tim.o
    0x080083dc   0x0000001e   Code   RO         4152    i.TIM_CtrlPWMOutputs  stm32f4xx_tim.o
    0x080083fa   0x00000006   Code   RO         4169    i.TIM_GetCounter    stm32f4xx_tim.o
    0x08008400   0x00000022   Code   RO         4171    i.TIM_GetITStatus   stm32f4xx_tim.o
    0x08008422   0x00000012   Code   RO         4175    i.TIM_ITConfig      stm32f4xx_tim.o
    0x08008434   0x0000007c   Code   RO         4179    i.TIM_OC1Init       stm32f4xx_tim.o
    0x080084b0   0x00000012   Code   RO         4182    i.TIM_OC1PreloadConfig  stm32f4xx_tim.o
    0x080084c2   0x00000002   PAD
    0x080084c4   0x000000a4   Code   RO         4184    i.TIM_OC2Init       stm32f4xx_tim.o
    0x08008568   0x0000001a   Code   RO         4187    i.TIM_OC2PreloadConfig  stm32f4xx_tim.o
    0x08008582   0x00000002   PAD
    0x08008584   0x000000a0   Code   RO         4189    i.TIM_OC3Init       stm32f4xx_tim.o
    0x08008624   0x00000012   Code   RO         4192    i.TIM_OC3PreloadConfig  stm32f4xx_tim.o
    0x08008636   0x00000002   PAD
    0x08008638   0x00000078   Code   RO         4194    i.TIM_OC4Init       stm32f4xx_tim.o
    0x080086b0   0x0000001a   Code   RO         4196    i.TIM_OC4PreloadConfig  stm32f4xx_tim.o
    0x080086ca   0x00000014   Code   RO         4197    i.TIM_OCStructInit  stm32f4xx_tim.o
    0x080086de   0x00000006   Code   RO         4199    i.TIM_PrescalerConfig  stm32f4xx_tim.o
    0x080086e4   0x00000012   Code   RO         4204    i.TIM_SelectInputTrigger  stm32f4xx_tim.o
    0x080086f6   0x00000012   Code   RO         4205    i.TIM_SelectMasterSlaveMode  stm32f4xx_tim.o
    0x08008708   0x00000012   Code   RO         4208    i.TIM_SelectOutputTrigger  stm32f4xx_tim.o
    0x0800871a   0x00000012   Code   RO         4209    i.TIM_SelectSlaveMode  stm32f4xx_tim.o
    0x0800872c   0x00000004   Code   RO         4216    i.TIM_SetCounter    stm32f4xx_tim.o
    0x08008730   0x00000084   Code   RO         4222    i.TIM_TimeBaseInit  stm32f4xx_tim.o
    0x080087b4   0x00000012   Code   RO         4223    i.TIM_TimeBaseStructInit  stm32f4xx_tim.o
    0x080087c6   0x00000034   Code   RO          573    i.Task_CanComApp1   com_canapplicaiton.o
    0x080087fa   0x0000002e   Code   RO          574    i.Task_CanComApp2   com_canapplicaiton.o
    0x08008828   0x000002a0   Code   RO         1803    i.Task_DIOCtrl      dio_control.o
    0x08008ac8   0x00000040   Code   RO         2187    i.Task_EEPROM       utl_eeprom.o
    0x08008b08   0x000001c4   Code   RO         1527    i.Task_EncoderApp1  ecd_app.o
    0x08008ccc   0x00000140   Code   RO         1528    i.Task_EncoderApp2  ecd_app.o
    0x08008e0c   0x00000078   Code   RO         1866    i.Task_LedCtrl      utl_led.o
    0x08008e84   0x0000001c   Code   RO         1623    i.Task_MoveCtrl1    mov_control.o
    0x08008ea0   0x0000001c   Code   RO         1624    i.Task_MoveCtrl2    mov_control.o
    0x08008ebc   0x00000022   Code   RO         1625    i.Task_MoveCtrl3    mov_control.o
    0x08008ede   0x00000002   PAD
    0x08008ee0   0x00000020   Code   RO          410    i.Task_SerComApp1   com_serialapplicaiton.o
    0x08008f00   0x00000020   Code   RO          411    i.Task_SerComApp2   com_serialapplicaiton.o
    0x08008f20   0x00000024   Code   RO          412    i.Task_SerComApp3   com_serialapplicaiton.o
    0x08008f44   0x00000024   Code   RO          413    i.Task_SerComApp4   com_serialapplicaiton.o
    0x08008f68   0x00000024   Code   RO          414    i.Task_SerComApp5   com_serialapplicaiton.o
    0x08008f8c   0x00000024   Code   RO          415    i.Task_SerComApp6   com_serialapplicaiton.o
    0x08008fb0   0x00000024   Code   RO          416    i.Task_SerComApp7   com_serialapplicaiton.o
    0x08008fd4   0x00000024   Code   RO          417    i.Task_SerComApp8   com_serialapplicaiton.o
    0x08008ff8   0x000000c0   Code   RO            7    i.Task_SysApp       sys_application.o
    0x080090b8   0x000000d0   Code   RO         2060    i.UART5_IRQHandler  utl_usart.o
    0x08009188   0x000000dc   Code   RO         2061    i.USART1_IRQHandler  utl_usart.o
    0x08009264   0x000000f0   Code   RO         2062    i.USART2_IRQHandler  utl_usart.o
    0x08009354   0x000000f4   Code   RO         2063    i.USART3_IRQHandler  utl_usart.o
    0x08009448   0x000000d0   Code   RO         2064    i.USART6_IRQHandler  utl_usart.o
    0x08009518   0x00000098   Code   RO         2065    i.USARTSendnByte    utl_usart.o
    0x080095b0   0x00000018   Code   RO         4707    i.USART_Cmd         stm32f4xx_usart.o
    0x080095c8   0x0000001a   Code   RO         4710    i.USART_GetFlagStatus  stm32f4xx_usart.o
    0x080095e2   0x00000054   Code   RO         4711    i.USART_GetITStatus  stm32f4xx_usart.o
    0x08009636   0x0000004a   Code   RO         4713    i.USART_ITConfig    stm32f4xx_usart.o
    0x08009680   0x000000d4   Code   RO         4714    i.USART_Init        stm32f4xx_usart.o
    0x08009754   0x0000000a   Code   RO         4721    i.USART_ReceiveData  stm32f4xx_usart.o
    0x0800975e   0x00000008   Code   RO         4724    i.USART_SendData    stm32f4xx_usart.o
    0x08009766   0x00000004   Code   RO         4903    i.UsageFault_Handler  stm32f4xx_it.o
    0x0800976a   0x0000005a   Code   RO          972    i.Write             com_hmi.o
    0x080097c4   0x00000020   Code   RO         9382    i.__0printf$3       mc_w.l(printf3.o)
    0x080097e4   0x00000028   Code   RO         9384    i.__0sprintf$3      mc_w.l(printf3.o)
    0x0800980c   0x0000000e   Code   RO         9655    i.__scatterload_copy  mc_w.l(handlers.o)
    0x0800981a   0x00000002   Code   RO         9656    i.__scatterload_null  mc_w.l(handlers.o)
    0x0800981c   0x0000000e   Code   RO         9657    i.__scatterload_zeroinit  mc_w.l(handlers.o)
    0x0800982a   0x00000002   PAD
    0x0800982c   0x000001b8   Code   RO         9389    i._printf_core      mc_w.l(printf3.o)
    0x080099e4   0x0000000a   Code   RO         9391    i._sputc            mc_w.l(printf3.o)
    0x080099ee   0x00000002   PAD
    0x080099f0   0x000000f8   Code   RO         6543    i.accept_function   api_msg.o
    0x08009ae8   0x0000009c   Code   RO         6857    i.alloc_socket      sockets.o
    0x08009b84   0x0000001c   Code   RO         9038    i.arp_timer         ethernetif_1.o
    0x08009ba0   0x0000001c   Code   RO         8357    i.cyclic_timer      timeouts.o
    0x08009bbc   0x000000a4   Code   RO         8562    i.dhcp_arp_reply    dhcp.o
    0x08009c60   0x000001c8   Code   RO         8563    i.dhcp_bind         dhcp.o
    0x08009e28   0x0000004c   Code   RO         8564    i.dhcp_check        dhcp.o
    0x08009e74   0x00000078   Code   RO         8566    i.dhcp_coarse_tmr   dhcp.o
    0x08009eec   0x000002ec   Code   RO         8567    i.dhcp_create_msg   dhcp.o
    0x0800a1d8   0x000000a8   Code   RO         8569    i.dhcp_decline      dhcp.o
    0x0800a280   0x00000124   Code   RO         8570    i.dhcp_delete_msg   dhcp.o
    0x0800a3a4   0x000000f4   Code   RO         8571    i.dhcp_discover     dhcp.o
    0x0800a498   0x00000040   Code   RO         8572    i.dhcp_fine_tmr     dhcp.o
    0x0800a4d8   0x00000094   Code   RO         8579    i.dhcp_option       dhcp.o
    0x0800a56c   0x000000b8   Code   RO         8580    i.dhcp_option_byte  dhcp.o
    0x0800a624   0x000000ec   Code   RO         8581    i.dhcp_option_long  dhcp.o
    0x0800a710   0x00000090   Code   RO         8582    i.dhcp_option_short  dhcp.o
    0x0800a7a0   0x0000016c   Code   RO         8583    i.dhcp_option_trailer  dhcp.o
    0x0800a90c   0x000000d0   Code   RO         8585    i.dhcp_rebind       dhcp.o
    0x0800a9dc   0x000000ec   Code   RO         8586    i.dhcp_reboot       dhcp.o
    0x0800aac8   0x000000b8   Code   RO         8588    i.dhcp_release      dhcp.o
    0x0800ab80   0x000000d0   Code   RO         8589    i.dhcp_renew        dhcp.o
    0x0800ac50   0x00000114   Code   RO         8590    i.dhcp_select       dhcp.o
    0x0800ad64   0x00000010   Code   RO         8591    i.dhcp_set_state    dhcp.o
    0x0800ad74   0x00000028   Code   RO         8595    i.dhcp_supplied_address  dhcp.o
    0x0800ad9c   0x0000004a   Code   RO         8596    i.dhcp_t1_timeout   dhcp.o
    0x0800ade6   0x00000050   Code   RO         8597    i.dhcp_t2_timeout   dhcp.o
    0x0800ae36   0x00000088   Code   RO         8598    i.dhcp_timeout      dhcp.o
    0x0800aebe   0x00000002   PAD
    0x0800aec0   0x00000094   Code   RO         7463    i.do_memp_free_pool  memp.o
    0x0800af54   0x000000a4   Code   RO         7464    i.do_memp_malloc_pool  memp.o
    0x0800aff8   0x000001f0   Code   RO         6544    i.err_tcp           api_msg.o
    0x0800b1e8   0x00000020   Code   RO         6738    i.err_to_errno      err.o
    0x0800b208   0x000002e8   Code   RO         8778    i.etharp_find_entry  etharp.o
    0x0800b4f0   0x00000078   Code   RO         8779    i.etharp_free_entry  etharp.o
    0x0800b568   0x00000148   Code   RO         8781    i.etharp_input      etharp.o
    0x0800b6b0   0x000001ec   Code   RO         8782    i.etharp_output     etharp.o
    0x0800b89c   0x00000154   Code   RO         8783    i.etharp_output_to_arp_index  etharp.o
    0x0800b9f0   0x00000288   Code   RO         8784    i.etharp_query      etharp.o
    0x0800bc78   0x0000017c   Code   RO         8785    i.etharp_raw        etharp.o
    0x0800bdf4   0x0000001c   Code   RO         8786    i.etharp_request    etharp.o
    0x0800be10   0x0000002c   Code   RO         8787    i.etharp_request_dst  etharp.o
    0x0800be3c   0x000000e4   Code   RO         8788    i.etharp_tmr        etharp.o
    0x0800bf20   0x00000154   Code   RO         8789    i.etharp_update_arp_entry  etharp.o
    0x0800c074   0x000000dc   Code   RO         8999    i.ethernet_input    ethernet.o
    0x0800c150   0x000000f8   Code   RO         9000    i.ethernet_output   ethernet.o
    0x0800c248   0x000000c0   Code   RO         9039    i.ethernetif_init   ethernetif_1.o
    0x0800c308   0x00000044   Code   RO         9040    i.ethernetif_input  ethernetif_1.o
    0x0800c34c   0x000001e4   Code   RO         6858    i.event_callback    sockets.o
    0x0800c530   0x00000024   Code   RO          255    i.fputc             main.o
    0x0800c554   0x0000002a   Code   RO         6859    i.free_socket       sockets.o
    0x0800c57e   0x00000002   PAD
    0x0800c580   0x0000004c   Code   RO         6860    i.get_socket        sockets.o
    0x0800c5cc   0x00000012   Code   RO         8867    i.icmp_dest_unreach  icmp.o
    0x0800c5de   0x00000002   PAD
    0x0800c5e0   0x00000290   Code   RO         8868    i.icmp_input        icmp.o
    0x0800c870   0x0000011c   Code   RO         8869    i.icmp_send_response  icmp.o
    0x0800c98c   0x0000004e   Code   RO         8937    i.ip4_addr_isbroadcast_u32  ip4_addr.o
    0x0800c9da   0x00000002   PAD
    0x0800c9dc   0x00000234   Code   RO         8899    i.ip4_input         ip4.o
    0x0800cc10   0x00000036   Code   RO         8901    i.ip4_output_if     ip4.o
    0x0800cc46   0x00000002   PAD
    0x0800cc48   0x00000170   Code   RO         8902    i.ip4_output_if_src  ip4.o
    0x0800cdb8   0x00000094   Code   RO         8903    i.ip4_route         ip4.o
    0x0800ce4c   0x00000016   Code   RO         2005    i.isElapsed         utl_1mstimer.o
    0x0800ce62   0x00000016   Code   RO         1999    i.isRunning         utl_1mstimer.o
    0x0800ce78   0x0000000e   Code   RO         1993    i.isStopped         utl_1mstimer.o
    0x0800ce86   0x00000002   PAD
    0x0800ce88   0x000000dc   Code   RO         9041    i.low_level_init    ethernetif_1.o
    0x0800cf64   0x00000074   Code   RO         9042    i.low_level_input   ethernetif_1.o
    0x0800cfd8   0x00000080   Code   RO         9043    i.low_level_output  ethernetif_1.o
    0x0800d058   0x000002ec   Code   RO         6861    i.lwip_accept       sockets.o
    0x0800d344   0x00000130   Code   RO         6862    i.lwip_bind         sockets.o
    0x0800d474   0x000000f0   Code   RO         6863    i.lwip_close        sockets.o
    0x0800d564   0x0000001a   Code   RO         7203    i.lwip_htonl        def.o
    0x0800d57e   0x0000000c   Code   RO         7204    i.lwip_htons        def.o
    0x0800d58a   0x00000002   PAD
    0x0800d58c   0x0000008c   Code   RO         7316    i.lwip_init         init.o
    0x0800d618   0x000000a4   Code   RO         6872    i.lwip_listen       sockets.o
    0x0800d6bc   0x00000074   Code   RO         6545    i.lwip_netconn_do_bind  api_msg.o
    0x0800d730   0x0000016c   Code   RO         6546    i.lwip_netconn_do_close  api_msg.o
    0x0800d89c   0x00000358   Code   RO         6547    i.lwip_netconn_do_close_internal  api_msg.o
    0x0800dbf4   0x00000230   Code   RO         6550    i.lwip_netconn_do_delconn  api_msg.o
    0x0800de24   0x00000138   Code   RO         6552    i.lwip_netconn_do_getaddr  api_msg.o
    0x0800df5c   0x00000108   Code   RO         6553    i.lwip_netconn_do_listen  api_msg.o
    0x0800e064   0x00000032   Code   RO         6554    i.lwip_netconn_do_newconn  api_msg.o
    0x0800e096   0x00000062   Code   RO         6555    i.lwip_netconn_do_recv  api_msg.o
    0x0800e0f8   0x0000007e   Code   RO         6556    i.lwip_netconn_do_send  api_msg.o
    0x0800e176   0x00000002   PAD
    0x0800e178   0x00000198   Code   RO         6557    i.lwip_netconn_do_write  api_msg.o
    0x0800e310   0x00000354   Code   RO         6558    i.lwip_netconn_do_writemore  api_msg.o
    0x0800e664   0x0000001c   Code   RO         6873    i.lwip_read         sockets.o
    0x0800e680   0x00000330   Code   RO         6875    i.lwip_recvfrom     sockets.o
    0x0800e9b0   0x000000a4   Code   RO         6878    i.lwip_send         sockets.o
    0x0800ea54   0x000001bc   Code   RO         6880    i.lwip_sendto       sockets.o
    0x0800ec10   0x000000c0   Code   RO         6884    i.lwip_socket       sockets.o
    0x0800ecd0   0x00000016   Code   RO         6887    i.lwip_write        sockets.o
    0x0800ece6   0x00000002   PAD
    0x0800ece8   0x00000034   Code   RO          256    i.main              main.o
    0x0800ed1c   0x00000150   Code   RO         7400    i.mem_free          mem.o
    0x0800ee6c   0x000000e0   Code   RO         7401    i.mem_init          mem.o
    0x0800ef4c   0x0000027c   Code   RO         7402    i.mem_malloc        mem.o
    0x0800f1c8   0x000001d4   Code   RO         7403    i.mem_trim          mem.o
    0x0800f39c   0x0000009c   Code   RO         7465    i.memp_free         memp.o
    0x0800f438   0x00000020   Code   RO         7467    i.memp_init         memp.o
    0x0800f458   0x0000002c   Code   RO         7468    i.memp_init_pool    memp.o
    0x0800f484   0x0000009c   Code   RO         7469    i.memp_malloc       memp.o
    0x0800f520   0x00000020   Code   RO         6782    i.netbuf_delete     netbuf.o
    0x0800f540   0x00000094   Code   RO         6784    i.netbuf_free       netbuf.o
    0x0800f5d4   0x000000bc   Code   RO         6787    i.netbuf_ref        netbuf.o
    0x0800f690   0x00000140   Code   RO         6344    i.netconn_accept    api_lib.o
    0x0800f7d0   0x00000110   Code   RO         6559    i.netconn_alloc     api_msg.o
    0x0800f8e0   0x00000026   Code   RO         6345    i.netconn_apimsg    api_lib.o
    0x0800f906   0x00000002   PAD
    0x0800f908   0x000000b0   Code   RO         6346    i.netconn_bind      api_lib.o
    0x0800f9b8   0x000000ac   Code   RO         6348    i.netconn_close_shutdown  api_lib.o
    0x0800fa64   0x00000034   Code   RO         6350    i.netconn_delete    api_lib.o
    0x0800fa98   0x000000b4   Code   RO         6560    i.netconn_drain     api_msg.o
    0x0800fb4c   0x00000170   Code   RO         6561    i.netconn_free      api_msg.o
    0x0800fcbc   0x0000012c   Code   RO         6352    i.netconn_getaddr   api_lib.o
    0x0800fde8   0x000000a4   Code   RO         6353    i.netconn_listen_with_backlog  api_lib.o
    0x0800fe8c   0x00000190   Code   RO         6354    i.netconn_new_with_proto_and_callback  api_lib.o
    0x0801001c   0x00000144   Code   RO         6355    i.netconn_recv      api_lib.o
    0x08010160   0x00000208   Code   RO         6356    i.netconn_recv_data  api_lib.o
    0x08010368   0x0000009c   Code   RO         6357    i.netconn_recv_tcp_pbuf  api_lib.o
    0x08010404   0x000000a8   Code   RO         6358    i.netconn_send      api_lib.o
    0x080104ac   0x00000140   Code   RO         6361    i.netconn_write_partly  api_lib.o
    0x080105ec   0x00000110   Code   RO         7571    i.netif_add         netif.o
    0x080106fc   0x00000002   Code   RO         7573    i.netif_init        netif.o
    0x080106fe   0x00000024   Code   RO         7575    i.netif_issue_reports  netif.o
    0x08010722   0x00000048   Code   RO         7577    i.netif_set_addr    netif.o
    0x0801076a   0x00000002   PAD
    0x0801076c   0x00000010   Code   RO         7578    i.netif_set_default  netif.o
    0x0801077c   0x00000010   Code   RO         7580    i.netif_set_gw      netif.o
    0x0801078c   0x00000054   Code   RO         7581    i.netif_set_ipaddr  netif.o
    0x080107e0   0x00000010   Code   RO         7584    i.netif_set_netmask  netif.o
    0x080107f0   0x0000002c   Code   RO         7585    i.netif_set_up      netif.o
    0x0801081c   0x00000420   Code   RO         7704    i.pbuf_alloc        pbuf.o
    0x08010c3c   0x0000013c   Code   RO         7705    i.pbuf_cat          pbuf.o
    0x08010d78   0x0000001a   Code   RO         7706    i.pbuf_chain        pbuf.o
    0x08010d92   0x00000012   Code   RO         7707    i.pbuf_clen         pbuf.o
    0x08010da4   0x00000228   Code   RO         7709    i.pbuf_copy         pbuf.o
    0x08010fcc   0x00000140   Code   RO         7710    i.pbuf_copy_partial  pbuf.o
    0x0801110c   0x00000154   Code   RO         7712    i.pbuf_free         pbuf.o
    0x08011260   0x00000012   Code   RO         7714    i.pbuf_header       pbuf.o
    0x08011272   0x00000012   Code   RO         7715    i.pbuf_header_force  pbuf.o
    0x08011284   0x0000015c   Code   RO         7716    i.pbuf_header_impl  pbuf.o
    0x080113e0   0x000001b8   Code   RO         7720    i.pbuf_realloc      pbuf.o
    0x08011598   0x00000088   Code   RO         7721    i.pbuf_ref          pbuf.o
    0x08011620   0x000000f8   Code   RO         6562    i.pcb_new           api_msg.o
    0x08011718   0x000001b0   Code   RO         7404    i.plug_holes        mem.o
    0x080118c8   0x000000ec   Code   RO         6563    i.poll_tcp          api_msg.o
    0x080119b4   0x00000098   Code   RO         2855    i.prvAddCurrentTaskToDelayedList  tasks.o
    0x08011a4c   0x000000b8   Code   RO         2856    i.prvAddNewTaskToReadyList  tasks.o
    0x08011b04   0x00000064   Code   RO         3349    i.prvCheckForValidListAndQueue  timers.o
    0x08011b68   0x00000064   Code   RO         2857    i.prvCheckTasksWaitingTermination  tasks.o
    0x08011bcc   0x0000002a   Code   RO         2636    i.prvCopyDataFromQueue  queue.o
    0x08011bf6   0x0000007c   Code   RO         2637    i.prvCopyDataToQueue  queue.o
    0x08011c72   0x00000012   Code   RO         2858    i.prvDeleteTCB      tasks.o
    0x08011c84   0x00000028   Code   RO         3350    i.prvGetNextExpireTime  timers.o
    0x08011cac   0x00000038   Code   RO         3298    i.prvHeapInit       heap_2.o
    0x08011ce4   0x00000028   Code   RO         2859    i.prvIdleTask       tasks.o
    0x08011d0c   0x0000002a   Code   RO         2639    i.prvInitialiseNewQueue  queue.o
    0x08011d36   0x000000b4   Code   RO         2860    i.prvInitialiseNewTask  tasks.o
    0x08011dea   0x00000002   PAD
    0x08011dec   0x00000068   Code   RO         2861    i.prvInitialiseTaskLists  tasks.o
    0x08011e54   0x00000058   Code   RO         3352    i.prvInsertTimerInActiveList  timers.o
    0x08011eac   0x0000001a   Code   RO         2640    i.prvIsQueueEmpty   queue.o
    0x08011ec6   0x0000001e   Code   RO         2641    i.prvIsQueueFull    queue.o
    0x08011ee4   0x00000064   Code   RO         3353    i.prvProcessExpiredTimer  timers.o
    0x08011f48   0x00000124   Code   RO         3354    i.prvProcessReceivedCommands  timers.o
    0x0801206c   0x00000074   Code   RO         3355    i.prvProcessTimerOrBlockTask  timers.o
    0x080120e0   0x00000034   Code   RO         2863    i.prvResetNextTaskUnblockTime  tasks.o
    0x08012114   0x0000002c   Code   RO         3356    i.prvSampleTimeNow  timers.o
    0x08012140   0x000000a0   Code   RO         3357    i.prvSwitchTimerLists  timers.o
    0x080121e0   0x00000040   Code   RO         3205    i.prvTaskExitError  port.o
    0x08012220   0x0000001a   Code   RO         3358    i.prvTimerTask      timers.o
    0x0801223a   0x0000007e   Code   RO         2642    i.prvUnlockQueue    queue.o
    0x080122b8   0x000000b8   Code   RO         3299    i.pvPortMalloc      heap_2.o
    0x08012370   0x00000020   Code   RO         2866    i.pvTaskIncrementMutexHeldCount  tasks.o
    0x08012390   0x0000002c   Code   RO         3206    i.pxPortInitialiseStack  port.o
    0x080123bc   0x00000174   Code   RO         6564    i.recv_tcp          api_msg.o
    0x08012530   0x0000017c   Code   RO         6565    i.recv_udp          api_msg.o
    0x080126ac   0x000000d4   Code   RO         6566    i.sent_tcp          api_msg.o
    0x08012780   0x00000044   Code   RO         6567    i.setup_tcp         api_msg.o
    0x080127c4   0x00000062   Code   RO         9117    i.sys_arch_mbox_fetch  sys_arch.o
    0x08012826   0x00000024   Code   RO         9118    i.sys_arch_mbox_tryfetch  sys_arch.o
    0x0801284a   0x00000056   Code   RO         9120    i.sys_arch_sem_wait  sys_arch.o
    0x080128a0   0x00000080   Code   RO         8358    i.sys_check_timeouts  timeouts.o
    0x08012920   0x0000002c   Code   RO         9124    i.sys_init          sys_arch.o
    0x0801294c   0x00000012   Code   RO         9125    i.sys_mbox_free     sys_arch.o
    0x0801295e   0x00000016   Code   RO         9126    i.sys_mbox_new      sys_arch.o
    0x08012974   0x00000006   Code   RO         9128    i.sys_mbox_set_invalid  sys_arch.o
    0x0801297a   0x00000020   Code   RO         9129    i.sys_mbox_trypost  sys_arch.o
    0x0801299a   0x0000000e   Code   RO         9130    i.sys_mbox_valid    sys_arch.o
    0x080129a8   0x00000008   Code   RO         9131    i.sys_now           sys_arch.o
    0x080129b0   0x0000000c   Code   RO         9132    i.sys_sem_free      sys_arch.o
    0x080129bc   0x0000003c   Code   RO         9133    i.sys_sem_new       sys_arch.o
    0x080129f8   0x00000006   Code   RO         9134    i.sys_sem_set_invalid  sys_arch.o
    0x080129fe   0x00000012   Code   RO         9135    i.sys_sem_signal    sys_arch.o
    0x08012a10   0x0000000e   Code   RO         9136    i.sys_sem_valid     sys_arch.o
    0x08012a1e   0x00000002   PAD
    0x08012a20   0x00000060   Code   RO         9137    i.sys_thread_new    sys_arch.o
    0x08012a80   0x00000174   Code   RO         8360    i.sys_timeout       timeouts.o
    0x08012bf4   0x00000034   Code   RO         8361    i.sys_timeouts_init  timeouts.o
    0x08012c28   0x00000040   Code   RO         8362    i.sys_timeouts_mbox_fetch  timeouts.o
    0x08012c68   0x00000038   Code   RO         8363    i.sys_timeouts_sleeptime  timeouts.o
    0x08012ca0   0x00000180   Code   RO         7900    i.tcp_abandon       tcp.o
    0x08012e20   0x0000000e   Code   RO         7901    i.tcp_abort         tcp.o
    0x08012e2e   0x00000010   Code   RO         7902    i.tcp_accept        tcp.o
    0x08012e3e   0x00000014   Code   RO         7903    i.tcp_accept_null   tcp.o
    0x08012e52   0x00000002   PAD
    0x08012e54   0x000000cc   Code   RO         7904    i.tcp_alloc         tcp.o
    0x08012f20   0x00000006   Code   RO         7905    i.tcp_arg           tcp.o
    0x08012f26   0x00000002   PAD
    0x08012f28   0x00000130   Code   RO         7906    i.tcp_bind          tcp.o
    0x08013058   0x00000020   Code   RO         7907    i.tcp_close         tcp.o
    0x08013078   0x000001e0   Code   RO         7908    i.tcp_close_shutdown  tcp.o
    0x08013258   0x000000d0   Code   RO         7909    i.tcp_close_shutdown_fin  tcp.o
    0x08013328   0x00000148   Code   RO         8249    i.tcp_create_segment  tcp_out.o
    0x08013470   0x0000003a   Code   RO         7912    i.tcp_eff_send_mss_impl  tcp.o
    0x080134aa   0x00000002   PAD
    0x080134ac   0x00000290   Code   RO         8250    i.tcp_enqueue_flags  tcp_out.o
    0x0801373c   0x00000098   Code   RO         7913    i.tcp_err           tcp.o
    0x080137d4   0x00000098   Code   RO         7914    i.tcp_fasttmr       tcp.o
    0x0801386c   0x00000058   Code   RO         8182    i.tcp_getoptbyte    tcp_in.o
    0x080138c4   0x00000002   Code   RO         7915    i.tcp_init          tcp.o
    0x080138c6   0x00000002   PAD
    0x080138c8   0x00000790   Code   RO         8183    i.tcp_input         tcp_in.o
    0x08014058   0x0000004c   Code   RO         8184    i.tcp_input_delayed_close  tcp_in.o
    0x080140a4   0x00000072   Code   RO         8251    i.tcp_keepalive     tcp_out.o
    0x08014116   0x00000002   PAD
    0x08014118   0x0000005c   Code   RO         7916    i.tcp_kill_prio     tcp.o
    0x08014174   0x000000c0   Code   RO         7917    i.tcp_kill_state    tcp.o
    0x08014234   0x00000040   Code   RO         7918    i.tcp_kill_timewait  tcp.o
    0x08014274   0x000000bc   Code   RO         7919    i.tcp_listen_closed  tcp.o
    0x08014330   0x00000154   Code   RO         8185    i.tcp_listen_input  tcp_in.o
    0x08014484   0x00000148   Code   RO         7921    i.tcp_listen_with_backlog_and_err  tcp.o
    0x080145cc   0x00000054   Code   RO         7922    i.tcp_netif_ip_addr_changed  tcp.o
    0x08014620   0x0000002e   Code   RO         7923    i.tcp_netif_ip_addr_changed_pcblist  tcp.o
    0x0801464e   0x00000010   Code   RO         7925    i.tcp_new_ip_type   tcp.o
    0x0801465e   0x00000002   PAD
    0x08014660   0x00000068   Code   RO         7926    i.tcp_new_port      tcp.o
    0x080146c8   0x00000020   Code   RO         7927    i.tcp_next_iss      tcp.o
    0x080146e8   0x00000310   Code   RO         8252    i.tcp_output        tcp_out.o
    0x080149f8   0x00000110   Code   RO         8253    i.tcp_output_alloc_header  tcp_out.o
    0x08014b08   0x000000cc   Code   RO         8254    i.tcp_output_segment  tcp_out.o
    0x08014bd4   0x000000b8   Code   RO         8186    i.tcp_parseopt      tcp_in.o
    0x08014c8c   0x000000ec   Code   RO         8255    i.tcp_pbuf_prealloc  tcp_out.o
    0x08014d78   0x00000058   Code   RO         7928    i.tcp_pcb_purge     tcp.o
    0x08014dd0   0x0000011c   Code   RO         7929    i.tcp_pcb_remove    tcp.o
    0x08014eec   0x00000090   Code   RO         7930    i.tcp_poll          tcp.o
    0x08014f7c   0x000006f8   Code   RO         8187    i.tcp_process       tcp_in.o
    0x08015674   0x0000009a   Code   RO         7931    i.tcp_process_refused_data  tcp.o
    0x0801570e   0x00000002   PAD
    0x08015710   0x000008e4   Code   RO         8188    i.tcp_receive       tcp_in.o
    0x08015ff4   0x00000098   Code   RO         7932    i.tcp_recv          tcp.o
    0x0801608c   0x0000002e   Code   RO         7933    i.tcp_recv_null     tcp.o
    0x080160ba   0x00000002   PAD
    0x080160bc   0x00000120   Code   RO         7934    i.tcp_recved        tcp.o
    0x080161dc   0x00000018   Code   RO         7935    i.tcp_remove_listener  tcp.o
    0x080161f4   0x00000062   Code   RO         8256    i.tcp_rexmit        tcp_out.o
    0x08016256   0x00000076   Code   RO         8257    i.tcp_rexmit_fast   tcp_out.o
    0x080162cc   0x0000004c   Code   RO         8258    i.tcp_rexmit_rto    tcp_out.o
    0x08016318   0x00000120   Code   RO         8259    i.tcp_rst           tcp_out.o
    0x08016438   0x0000001a   Code   RO         7936    i.tcp_seg_free      tcp.o
    0x08016452   0x00000018   Code   RO         7937    i.tcp_segs_free     tcp.o
    0x0801646a   0x0000007e   Code   RO         8260    i.tcp_send_empty_ack  tcp_out.o
    0x080164e8   0x0000004a   Code   RO         8261    i.tcp_send_fin      tcp_out.o
    0x08016532   0x00000002   PAD
    0x08016534   0x00000098   Code   RO         7938    i.tcp_sent          tcp.o
    0x080165cc   0x00000062   Code   RO         7940    i.tcp_shutdown      tcp.o
    0x0801662e   0x00000002   PAD
    0x08016630   0x00000618   Code   RO         7941    i.tcp_slowtmr       tcp.o
    0x08016c48   0x00000038   Code   RO         8365    i.tcp_timer_needed  timeouts.o
    0x08016c80   0x000000a4   Code   RO         8189    i.tcp_timewait_input  tcp_in.o
    0x08016d24   0x00000024   Code   RO         7942    i.tcp_tmr           tcp.o
    0x08016d48   0x00000014   Code   RO         8190    i.tcp_trigger_input_pcb_close  tcp_in.o
    0x08016d5c   0x000000c8   Code   RO         7944    i.tcp_update_rcv_ann_wnd  tcp.o
    0x08016e24   0x000008ac   Code   RO         8262    i.tcp_write         tcp_out.o
    0x080176d0   0x00000174   Code   RO         8263    i.tcp_write_checks  tcp_out.o
    0x08017844   0x000000f6   Code   RO         8264    i.tcp_zero_window_probe  tcp_out.o
    0x0801793a   0x00000002   PAD
    0x0801793c   0x00000118   Code   RO         7087    i.tcpip_init        tcpip.o
    0x08017a54   0x000000b8   Code   RO         7088    i.tcpip_inpkt       tcpip.o
    0x08017b0c   0x00000030   Code   RO         7089    i.tcpip_input       tcpip.o
    0x08017b3c   0x00000024   Code   RO         7090    i.tcpip_send_msg_wait_sem  tcpip.o
    0x08017b60   0x00000038   Code   RO         8366    i.tcpip_tcp_timer   timeouts.o
    0x08017b98   0x00000130   Code   RO         7091    i.tcpip_thread      tcpip.o
    0x08017cc8   0x000000b4   Code   RO         8444    i.udp_bind          udp.o
    0x08017d7c   0x00000002   Code   RO         8447    i.udp_init          udp.o
    0x08017d7e   0x00000002   PAD
    0x08017d80   0x000001e0   Code   RO         8448    i.udp_input         udp.o
    0x08017f60   0x00000048   Code   RO         8449    i.udp_input_local_match  udp.o
    0x08017fa8   0x00000030   Code   RO         8450    i.udp_netif_ip_addr_changed  udp.o
    0x08017fd8   0x0000001c   Code   RO         8451    i.udp_new           udp.o
    0x08017ff4   0x0000000e   Code   RO         8452    i.udp_new_ip_type   udp.o
    0x08018002   0x00000002   PAD
    0x08018004   0x00000058   Code   RO         8453    i.udp_new_port      udp.o
    0x0801805c   0x00000006   Code   RO         8454    i.udp_recv          udp.o
    0x08018062   0x00000002   PAD
    0x08018064   0x00000044   Code   RO         8455    i.udp_remove        udp.o
    0x080180a8   0x0000001e   Code   RO         8456    i.udp_send          udp.o
    0x080180c6   0x0000004c   Code   RO         8457    i.udp_sendto        udp.o
    0x08018112   0x00000052   Code   RO         8458    i.udp_sendto_if     udp.o
    0x08018164   0x0000016c   Code   RO         8459    i.udp_sendto_if_src  udp.o
    0x080182d0   0x00000028   Code   RO         2587    i.uxListRemove      list.o
    0x080182f8   0x0000002a   Code   RO         2645    i.uxQueueMessagesWaiting  queue.o
    0x08018322   0x00000002   PAD
    0x08018324   0x00000010   Code   RO          258    i.vApplicationTickHook  main.o
    0x08018334   0x0000001a   Code   RO         2588    i.vListInitialise   list.o
    0x0801834e   0x00000006   Code   RO         2589    i.vListInitialiseItem  list.o
    0x08018354   0x00000034   Code   RO         2590    i.vListInsert       list.o
    0x08018388   0x00000018   Code   RO         2591    i.vListInsertEnd    list.o
    0x080183a0   0x00000054   Code   RO         3208    i.vPortEnterCritical  port.o
    0x080183f4   0x0000003c   Code   RO         3209    i.vPortExitCritical  port.o
    0x08018430   0x00000040   Code   RO         3300    i.vPortFree         heap_2.o
    0x08018470   0x00000014   Code   RO         3210    i.vPortSetupTimerInterrupt  port.o
    0x08018484   0x00000078   Code   RO         3211    i.vPortValidateInterruptPriority  port.o
    0x080184fc   0x0000002c   Code   RO         2648    i.vQueueAddToRegistry  queue.o
    0x08018528   0x0000002c   Code   RO         2649    i.vQueueDelete      queue.o
    0x08018554   0x00000030   Code   RO         2651    i.vQueueUnregisterQueue  queue.o
    0x08018584   0x0000004a   Code   RO         2652    i.vQueueWaitForMessageRestricted  queue.o
    0x080185ce   0x00000002   PAD
    0x080185d0   0x0000005c   Code   RO         2874    i.vTaskDelay        tasks.o
    0x0801862c   0x000000f4   Code   RO         2876    i.vTaskDelete       tasks.o
    0x08018720   0x0000000c   Code   RO         2879    i.vTaskMissedYield  tasks.o
    0x0801872c   0x00000038   Code   RO         2881    i.vTaskPlaceOnEventList  tasks.o
    0x08018764   0x00000040   Code   RO         2882    i.vTaskPlaceOnEventListRestricted  tasks.o
    0x080187a4   0x000000b0   Code   RO         2884    i.vTaskPriorityInherit  tasks.o
    0x08018854   0x00000030   Code   RO         2888    i.vTaskSetTimeOutState  tasks.o
    0x08018884   0x00000094   Code   RO         2889    i.vTaskStartScheduler  tasks.o
    0x08018918   0x00000010   Code   RO         2891    i.vTaskSuspendAll   tasks.o
    0x08018928   0x0000008c   Code   RO         2892    i.vTaskSwitchContext  tasks.o
    0x080189b4   0x0000013c   Code   RO         3212    i.xPortStartScheduler  port.o
    0x08018af0   0x0000005c   Code   RO         2653    i.xQueueCreateCountingSemaphore  queue.o
    0x08018b4c   0x00000058   Code   RO         2655    i.xQueueGenericCreate  queue.o
    0x08018ba4   0x000001c4   Code   RO         2656    i.xQueueGenericReceive  queue.o
    0x08018d68   0x00000098   Code   RO         2657    i.xQueueGenericReset  queue.o
    0x08018e00   0x000001a8   Code   RO         2658    i.xQueueGenericSend  queue.o
    0x08018fa8   0x000000f8   Code   RO         2659    i.xQueueGenericSendFromISR  queue.o
    0x080190a0   0x000000e0   Code   RO         2660    i.xQueueGiveFromISR  queue.o
    0x08019180   0x0000008c   Code   RO         2893    i.xTaskCheckForTimeOut  tasks.o
    0x0801920c   0x00000060   Code   RO         2894    i.xTaskCreate       tasks.o
    0x0801926c   0x00000020   Code   RO         2898    i.xTaskGetSchedulerState  tasks.o
    0x0801928c   0x0000000c   Code   RO         2899    i.xTaskGetTickCount  tasks.o
    0x08019298   0x00000154   Code   RO         2901    i.xTaskIncrementTick  tasks.o
    0x080193ec   0x000000c8   Code   RO         2904    i.xTaskPriorityDisinherit  tasks.o
    0x080194b4   0x00000098   Code   RO         2905    i.xTaskRemoveFromEventList  tasks.o
    0x0801954c   0x00000104   Code   RO         2907    i.xTaskResumeAll    tasks.o
    0x08019650   0x00000058   Code   RO         3362    i.xTimerCreateTimerTask  timers.o
    0x080196a8   0x00000084   Code   RO         3363    i.xTimerGenericCommand  timers.o
    0x0801972c   0x00000060   Data   RO          259    .constdata          main.o
    0x0801978c   0x000000d4   Data   RO          419    .constdata          com_serialapplicaiton.o
    0x08019860   0x00000030   Data   RO          576    .constdata          com_canapplicaiton.o
    0x08019890   0x00002118   Data   RO         1254    .constdata          dbm_data.o
    0x0801b9a8   0x0000009c   Data   RO         1371    .constdata          mot_pwm.o
    0x0801ba44   0x00000020   Data   RO         1471    .constdata          ecd_ssi.o
    0x0801ba64   0x00000030   Data   RO         1529    .constdata          ecd_app.o
    0x0801ba94   0x00000048   Data   RO         1627    .constdata          mov_control.o
    0x0801badc   0x00000048   Data   RO         1805    .constdata          dio_control.o
    0x0801bb24   0x00000020   Data   RO         1867    .constdata          utl_led.o
    0x0801bb44   0x00000200   Data   RO         2021    .constdata          utl_crc.o
    0x0801bd44   0x00000114   Data   RO         2067    .constdata          utl_usart.o
    0x0801be58   0x00000010   Data   RO         2268    .constdata          utl_i2c.o
    0x0801be68   0x00000038   Data   RO         2348    .constdata          utl_can.o
    0x0801bea0   0x00000058   Data   RO         2479    .constdata          utl_ethernet.o
    0x0801bef8   0x00000044   Data   RO         6740    .constdata          err.o
    0x0801bf3c   0x000000dc   Data   RO         7472    .constdata          memp.o
    0x0801c018   0x00000050   Data   RO         7945    .constdata          tcp.o
    0x0801c068   0x00000020   Data   RO         8367    .constdata          timeouts.o
    0x0801c088   0x00000008   Data   RO         8944    .constdata          ip4_addr.o
    0x0801c090   0x0000000c   Data   RO         9001    .constdata          ethernet.o
    0x0801c09c   0x00000023   Data   RO          260    .conststring        main.o
    0x0801c0bf   0x00000001   PAD
    0x0801c0c0   0x00000060   Data   RO          420    .conststring        com_serialapplicaiton.o
    0x0801c120   0x00000018   Data   RO          577    .conststring        com_canapplicaiton.o
    0x0801c138   0x00000020   Data   RO         1530    .conststring        ecd_app.o
    0x0801c158   0x0000002e   Data   RO         1628    .conststring        mov_control.o
    0x0801c186   0x00000002   PAD
    0x0801c188   0x00000041   Data   RO         7317    .conststring        init.o
    0x0801c1c9   0x00000003   PAD
    0x0801c1cc   0x00000080   Data   RO         7473    .conststring        memp.o
    0x0801c24c   0x0000006d   Data   RO         7946    .conststring        tcp.o
    0x0801c2b9   0x00000003   PAD
    0x0801c2bc   0x00000055   Data   RO         8265    .conststring        tcp_out.o
    0x0801c311   0x00000003   PAD
    0x0801c314   0x0000008c   Data   RO         8600    .conststring        dhcp.o
    0x0801c3a0   0x00000041   Data   RO         8791    .conststring        etharp.o
    0x0801c3e1   0x00000003   PAD
    0x0801c3e4   0x00000020   Data   RO         9653    Region$$Table       anon$$obj.o


    Execution Region RW_IRAM1 (Base: 0x20000000, Size: 0x0001ff90, Max: 0x00030000, ABSOLUTE, COMPRESSED[0x000002e0])

    Base Addr    Size         Type   Attr      Idx    E Section Name        Object

    0x20000000   0x00000001   Data   RW            8    .data               sys_application.o
    0x20000001   0x00000003   PAD
    0x20000004   0x00000020   Data   RW          261    .data               main.o
    0x20000024   0x00000008   Data   RW          578    .data               com_canapplicaiton.o
    0x2000002c   0x000000e0   Data   RW          644    .data               com_canelmodrv.o
    0x2000010c   0x00000004   PAD
    0x20000110   0x00000078   Data   RW         1372    .data               mot_pwm.o
    0x20000188   0x00000050   Data   RW         1472    .data               ecd_ssi.o
    0x200001d8   0x00000078   Data   RW         1531    .data               ecd_app.o
    0x20000250   0x000003a4   Data   RW         1629    .data               mov_control.o
    0x200005f4   0x000000c0   Data   RW         1806    .data               dio_control.o
    0x200006b4   0x00000011   Data   RW         1868    .data               utl_led.o
    0x200006c5   0x00000001   PAD
    0x200006c6   0x00000002   Data   RW         2189    .data               utl_eeprom.o
    0x200006c8   0x00000004   Data   RW         2480    .data               utl_ethernet.o
    0x200006cc   0x0000003c   Data   RW         2910    .data               tasks.o
    0x20000708   0x0000000c   Data   RW         3213    .data               port.o
    0x20000714   0x00000018   Data   RW         3304    .data               heap_2.o
    0x2000072c   0x00000014   Data   RW         3371    .data               timers.o
    0x20000740   0x00000010   Data   RW         3843    .data               stm32f4xx_rcc.o
    0x20000750   0x00000010   Data   RW         5835    .data               stm32f4x7_eth.o
    0x20000760   0x00000001   Data   RW         6568    .data               api_msg.o
    0x20000761   0x00000003   PAD
    0x20000764   0x00000008   Data   RW         6891    .data               sockets.o
    0x2000076c   0x00000010   Data   RW         7093    .data               tcpip.o
    0x2000077c   0x00000010   Data   RW         7406    .data               mem.o
    0x2000078c   0x0000002c   Data   RW         7474    .data               memp.o
    0x200007b8   0x00000009   Data   RW         7586    .data               netif.o
    0x200007c1   0x00000003   PAD
    0x200007c4   0x00000020   Data   RW         7947    .data               tcp.o
    0x200007e4   0x00000028   Data   RW         8192    .data               tcp_in.o
    0x2000080c   0x0000000c   Data   RW         8368    .data               timeouts.o
    0x20000818   0x00000008   Data   RW         8460    .data               udp.o
    0x20000820   0x00000018   Data   RW         8601    .data               dhcp.o
    0x20000838   0x00000001   Data   RW         8792    .data               etharp.o
    0x20000839   0x00000001   PAD
    0x2000083a   0x00000002   Data   RW         8904    .data               ip4.o
    0x2000083c   0x0000000c   Data   RW         9045    .data               ethernetif_1.o
    0x20000848   0x00000006   Data   RW         9139    .data               sys_arch.o
    0x2000084e   0x00000002   PAD
    0x20000850   0x000000c0   Zero   RW          418    .bss                com_serialapplicaiton.o
    0x20000910   0x00000856   Zero   RW          537    .bss                com_modbusrtu.o
    0x20001166   0x00000010   Zero   RW          575    .bss                com_canapplicaiton.o
    0x20001176   0x00000002   PAD
    0x20001178   0x00000038   Zero   RW          774    .bss                com_ethernet.o
    0x200011b0   0x00000010   Zero   RW          887    .bss                com_modbustcp.o
    0x200011c0   0x00000088   Zero   RW          973    .bss                com_hmi.o
    0x20001248   0x000001a0   Zero   RW         1198    .bss                com_hdprotocol2.o
    0x200013e8   0x000002d4   Zero   RW         1253    .bss                dbm_data.o
    0x200016bc   0x0000000c   Zero   RW         1626    .bss                mov_control.o
    0x200016c8   0x00002150   Zero   RW         2066    .bss                utl_usart.o
    0x20003818   0x00000254   Zero   RW         2188    .bss                utl_eeprom.o
    0x20003a6c   0x00000a5a   Zero   RW         2347    .bss                utl_can.o
    0x200044c6   0x00000002   PAD
    0x200044c8   0x00000040   Zero   RW         2667    .bss                queue.o
    0x20004508   0x000002e4   Zero   RW         2909    .bss                tasks.o
    0x200047ec   0x00012c00   Zero   RW         3303    .bss                heap_2.o
    0x200173ec   0x00000028   Zero   RW         3370    .bss                timers.o
    0x20017414   0x0000014c   Zero   RW         5834    .bss                stm32f4x7_eth.o
    0x20017560   0x00000050   Zero   RW         6890    .bss                sockets.o
    0x200175b0   0x00000018   Zero   RW         7384    .bss                ip.o
    0x200175c8   0x00001413   Zero   RW         7405    .bss                mem.o
    0x200189db   0x000034f5   Zero   RW         7471    .bss                memp.o
    0x2001bed0   0x00000014   Zero   RW         8191    .bss                tcp_in.o
    0x2001bee4   0x000000f0   Zero   RW         8790    .bss                etharp.o
    0x2001bfd4   0x00003b88   Zero   RW         9044    .bss                ethernetif_1.o
    0x2001fb5c   0x00000030   Zero   RW         9138    .bss                sys_arch.o
    0x2001fb8c   0x00000004   PAD
    0x2001fb90   0x00000400   Zero   RW         2536    STACK               startup_stm32f429_439xx.o


==============================================================================

Image component sizes


      Code (inc. data)   RO Data    RW Data    ZI Data      Debug   Object Name

      3110       1518          0          0          0      34939   api_lib.o
      7086       2244          0          1          0      34953   api_msg.o
       306         12         72          8         16       5313   com_canapplicaiton.o
      1442         80          0        224          0      13098   com_canelmodrv.o
        88         22          0          0         56      15229   com_ethernet.o
       536         10          0          0        416       4568   com_hdprotocol2.o
      5072         84          0          0        136      11954   com_hmi.o
      2632         50          0          0       2134       7892   com_modbusrtu.o
      1054         58          0          0         16      22575   com_modbustcp.o
      1304         62        308          0        192      13650   com_serialapplicaiton.o
       368         70       8472          0        724      13685   dbm_data.o
        38          0          0          0          0       1098   def.o
      4866       1468        140         24          0      22315   dhcp.o
       700         40         72        192          0       3459   dio_control.o
      1048         24         80        120          0       3917   ecd_app.o
       624         14         32         80          0       5577   ecd_ssi.o
        32          6         68          0          0       3863   err.o
      3692       1042         65          1        240      11240   etharp.o
       468        132         12          0          0       2674   ethernet.o
      1024        212          0         12      15240       7719   ethernetif_1.o
       304         46          0         24      76800       3603   heap_2.o
       958        310          0          0          0       4057   icmp.o
       140         72         65          0          0       3547   init.o
         0          0          0          0         24       3006   ip.o
      1134        160          0          2          0       5192   ip4.o
        78          0          8          0          0       7662   ip4_addr.o
       148          0          0          0          0       3342   list.o
       580         70        131         32          0      90638   main.o
      2096        876          0         16       5139       5761   mem.o
       700        420        348         44      13557      11531   memp.o
       200         32          0          0          0       4439   misc.o
      1440        110        156        120          0      10836   mot_pwm.o
      5390        148        118        932         12      24109   mov_control.o
       220          0          0          0          0       3249   mth_pid.o
       368        198          0          0          0       2359   netbuf.o
       558        114          0          9          0       9686   netif.o
      3588       1490          0          0          0      11577   pbuf.o
       942         92          0         12          0      11097   port.o
      2322         26          0          0         64      25817   queue.o
      3880        804          0          8         80      30973   sockets.o
        36          8        428          0       1024        864   startup_stm32f429_439xx.o
      1898        152          0         16        332      51804   stm32f4x7_eth.o
      1794         26          0          0          0      16852   stm32f4xx_can.o
       258          0          0          0          0      27044   stm32f4xx_gpio.o
        20          0          0          0          0       2969   stm32f4xx_it.o
        12          6          0          0          0        554   stm32f4xx_pwr.o
       788        114          0         16          0      28069   stm32f4xx_rcc.o
        12          6          0          0          0        598   stm32f4xx_syscfg.o
      1068         66          0          0          0      36331   stm32f4xx_tim.o
       438          8          0          0          0      11721   stm32f4xx_usart.o
       224         26          0          1          0     335431   sys_application.o
       570         20          0          6         48      11991   sys_arch.o
       392         32          0          0          0       1657   system_stm32f4xx.o
      3090        408          0         60        740      23283   tasks.o
      6454       2120        189         32          0      38060   tcp.o
      6868       1270          0         40         20      19119   tcp_in.o
      6212       1650         85          0          0      25782   tcp_out.o
       852        398          0         16          0       8689   tcpip.o
       812        228         32         12          0       9164   timeouts.o
      1186        116          0         20         40      17611   timers.o
      1538        246          0          8          0      12705   udp.o
       164          0          0          0          0       5738   utl_1mstimer.o
      2536        130         56          0       2650      12246   utl_can.o
        60          8        512          0          0       1329   utl_crc.o
       824         28          0          2        596       6842   utl_eeprom.o
       458         24         88          4          0       4839   utl_ethernet.o
      1184         36         16          0          0       6264   utl_i2c.o
       316         22         32         17          0       4353   utl_led.o
      1976        124        276          0       8528      12263   utl_usart.o

    ----------------------------------------------------------------------
    102672      19388      11908       2128     128832    1246371   Object Totals
         0          0         32          0          0          0   (incl. Generated)
        96          0         15         17          8          0   (incl. Padding)

    ----------------------------------------------------------------------

      Code (inc. data)   RO Data    RW Data    ZI Data      Debug   Library Member Name

        86          0          0          0          0          0   __dczerorl2.o
         0          0          0          0          0          0   entry.o
         0          0          0          0          0          0   entry10a.o
         0          0          0          0          0          0   entry11a.o
         8          4          0          0          0          0   entry2.o
         4          0          0          0          0          0   entry5.o
         0          0          0          0          0          0   entry7b.o
         0          0          0          0          0          0   entry8b.o
         8          4          0          0          0          0   entry9a.o
        30          0          0          0          0          0   handlers.o
        36          8          0          0          0         68   init.o
        98          0          0          0          0         84   ldiv.o
        30          0          0          0          0         68   llshl.o
        36          0          0          0          0         68   llsshr.o
        32          0          0          0          0         68   llushr.o
        26          0          0          0          0         80   memcmp.o
        36          0          0          0          0         68   memcpya.o
        36          0          0          0          0        108   memseta.o
       522         20          0          0          0        336   printf3.o
        44          0          0          0          0         80   uidiv.o
        98          0          0          0          0         92   uldiv.o

    ----------------------------------------------------------------------
      1136         36          0          0          0       1120   Library Totals
         6          0          0          0          0          0   (incl. Padding)

    ----------------------------------------------------------------------

      Code (inc. data)   RO Data    RW Data    ZI Data      Debug   Library Name

      1130         36          0          0          0       1120   mc_w.l

    ----------------------------------------------------------------------
      1136         36          0          0          0       1120   Library Totals

    ----------------------------------------------------------------------

==============================================================================


      Code (inc. data)   RO Data    RW Data    ZI Data      Debug   

    103808      19424      11908       2128     128832    1187503   Grand Totals
    103808      19424      11908        736     128832    1187503   ELF Image Totals (compressed)
    103808      19424      11908        736          0          0   ROM Totals

==============================================================================

    Total RO  Size (Code + RO Data)               115716 ( 113.00kB)
    Total RW  Size (RW Data + ZI Data)            130960 ( 127.89kB)
    Total ROM Size (Code + RO Data + RW Data)     116452 ( 113.72kB)

==============================================================================

